<!doctype html public "-//w3c//dtd html 4.0 transitional//en">
<html><head>
<title>Static Call Graph - [.\Objects\BaseProject.axf]</title></head>
<body><HR>
<H1>Static Call Graph for image .\Objects\BaseProject.axf</H1><HR>
<BR><P>#&#060CALLGRAPH&#062# ARM Linker, 5060750: Last Updated: Fri Mar 10 22:13:42 2023
<BR><P>
<H3>Maximum Stack Usage =       1320 bytes + Unknown(Cycles, Untraceable Function Pointers)</H3><H3>
Call chain for Maximum Stack Depth:</H3>
main &rArr; system_platform_init &rArr; platform_init &rArr; platform_clock_init &rArr; platform_set_ble_rtc_clk &rArr; nvds_put &rArr; replace_item &rArr; append_item &rArr; compact_nvds &rArr; write_compacted_items &rArr; write_incr &rArr; dec_flash_write &rArr; hal_flash_write_r &rArr; hal_exflash_write &rArr; hal_xqspi_init_ext &rArr; hal_xqspi_init_ext_patch &rArr; ll_xqspi_init_patch
<P>
<H3>
Mutually Recursive functions
</H3> <LI><a href="#[397]">cortex_backtrace_fault_handler</a>&nbsp;&nbsp;&nbsp;&rArr;&nbsp;&nbsp;&nbsp;<a href="#[397]">cortex_backtrace_fault_handler</a><BR>
 <LI><a href="#[40]">MemManage_Handler</a>&nbsp;&nbsp;&nbsp;&rArr;&nbsp;&nbsp;&nbsp;<a href="#[40]">MemManage_Handler</a><BR>
 <LI><a href="#[41]">BusFault_Handler</a>&nbsp;&nbsp;&nbsp;&rArr;&nbsp;&nbsp;&nbsp;<a href="#[41]">BusFault_Handler</a><BR>
 <LI><a href="#[42]">UsageFault_Handler</a>&nbsp;&nbsp;&nbsp;&rArr;&nbsp;&nbsp;&nbsp;<a href="#[42]">UsageFault_Handler</a><BR>
 <LI><a href="#[3e]">NMI_Handler</a>&nbsp;&nbsp;&nbsp;&rArr;&nbsp;&nbsp;&nbsp;<a href="#[3e]">NMI_Handler</a><BR>
 <LI><a href="#[44]">DebugMon_Handler</a>&nbsp;&nbsp;&nbsp;&rArr;&nbsp;&nbsp;&nbsp;<a href="#[44]">DebugMon_Handler</a><BR>
 <LI><a href="#[45]">PendSV_Handler</a>&nbsp;&nbsp;&nbsp;&rArr;&nbsp;&nbsp;&nbsp;<a href="#[45]">PendSV_Handler</a><BR>
</UL>
<P>
<H3>
Function Pointers
</H3><UL>
 <LI><a href="#[57]">AES_IRQHandler</a> from startup_gr55xx.o(.text) referenced from startup_gr55xx.o(RESET)
 <LI><a href="#[63]">AON_WDT_IRQHandler</a> from startup_gr55xx.o(.text) referenced from startup_gr55xx.o(RESET)
 <LI><a href="#[b5]">BLESLEEP_IRQHandler_patch</a> from rwip_sleep_patch.o(RAM_CODE) referenced from rwip_sleep_patch.o(i.rwip_sleep_func_replace)
 <LI><a href="#[60]">BLESLP_IRQHandler</a> from rom_symbol.txt(ABSOLUTE) referenced from startup_gr55xx.o(RESET)
 <LI><a href="#[49]">BLE_IRQHandler</a> from rom_symbol.txt(ABSOLUTE) referenced from startup_gr55xx.o(RESET)
 <LI><a href="#[b3]">BLE_IRQHandler_patch</a> from rwble_patch.o(RAM_CODE) referenced from rwble_patch.o(i.rwble_replace)
 <LI><a href="#[48]">BLE_SDK_Handler</a> from rom_symbol.txt(ABSOLUTE) referenced from startup_gr55xx.o(RESET)
 <LI><a href="#[c2]">BLE_SDK_Handler_patch</a> from system_sdk_patch.o(TINY_RAM_SPACE) referenced from system_sdk_patch.o(i.system_sdk_replace)
 <LI><a href="#[41]">BusFault_Handler</a> from interrupt_gr55xx.o(RAM_CODE) referenced from startup_gr55xx.o(RESET)
 <LI><a href="#[68]">CALENDAR_IRQHandler</a> from startup_gr55xx.o(.text) referenced from startup_gr55xx.o(RESET)
 <LI><a href="#[62]">COMP_IRQHandler</a> from startup_gr55xx.o(.text) referenced from startup_gr55xx.o(RESET)
 <LI><a href="#[4a]">DMA_IRQHandler</a> from gr55xx_it.o(i.DMA_IRQHandler) referenced from startup_gr55xx.o(RESET)
 <LI><a href="#[51]">DUAL_TIMER_IRQHandler</a> from startup_gr55xx.o(.text) referenced from startup_gr55xx.o(RESET)
 <LI><a href="#[44]">DebugMon_Handler</a> from startup_gr55xx.o(.text) referenced from startup_gr55xx.o(RESET)
 <LI><a href="#[4d]">EXT0_IRQHandler</a> from startup_gr55xx.o(.text) referenced from startup_gr55xx.o(RESET)
 <LI><a href="#[4e]">EXT1_IRQHandler</a> from startup_gr55xx.o(.text) referenced from startup_gr55xx.o(RESET)
 <LI><a href="#[59]">EXT2_IRQHandler</a> from startup_gr55xx.o(.text) referenced from startup_gr55xx.o(RESET)
 <LI><a href="#[58]">HMAC_IRQHandler</a> from startup_gr55xx.o(.text) referenced from startup_gr55xx.o(RESET)
 <LI><a href="#[3f]">HardFault_Handler</a> from interrupt_gr55xx.o(RAM_CODE) referenced from startup_gr55xx.o(RESET)
 <LI><a href="#[55]">I2C0_IRQHandler</a> from startup_gr55xx.o(.text) referenced from startup_gr55xx.o(RESET)
 <LI><a href="#[56]">I2C1_IRQHandler</a> from startup_gr55xx.o(.text) referenced from startup_gr55xx.o(RESET)
 <LI><a href="#[64]">I2S_M_IRQHandler</a> from startup_gr55xx.o(.text) referenced from startup_gr55xx.o(RESET)
 <LI><a href="#[65]">I2S_S_IRQHandler</a> from startup_gr55xx.o(.text) referenced from startup_gr55xx.o(RESET)
 <LI><a href="#[66]">ISO7816_IRQHandler</a> from startup_gr55xx.o(.text) referenced from startup_gr55xx.o(RESET)
 <LI><a href="#[40]">MemManage_Handler</a> from interrupt_gr55xx.o(RAM_CODE) referenced from startup_gr55xx.o(RESET)
 <LI><a href="#[3e]">NMI_Handler</a> from startup_gr55xx.o(.text) referenced from startup_gr55xx.o(RESET)
 <LI><a href="#[5c]">PKC_IRQHandler</a> from startup_gr55xx.o(.text) referenced from startup_gr55xx.o(RESET)
 <LI><a href="#[5b]">PMU_IRQHandler</a> from startup_gr55xx.o(.text) referenced from startup_gr55xx.o(RESET)
 <LI><a href="#[67]">PRESENT_IRQHandler</a> from startup_gr55xx.o(.text) referenced from startup_gr55xx.o(RESET)
 <LI><a href="#[5f]">PWR_CMD_IRQHandler</a> from startup_gr55xx.o(.text) referenced from startup_gr55xx.o(RESET)
 <LI><a href="#[45]">PendSV_Handler</a> from startup_gr55xx.o(.text) referenced from startup_gr55xx.o(RESET)
 <LI><a href="#[52]">QSPI0_IRQHandler</a> from startup_gr55xx.o(.text) referenced from startup_gr55xx.o(RESET)
 <LI><a href="#[5e]">QSPI1_IRQHandler</a> from startup_gr55xx.o(.text) referenced from startup_gr55xx.o(RESET)
 <LI><a href="#[5a]">RNG_IRQHandler</a> from startup_gr55xx.o(.text) referenced from startup_gr55xx.o(RESET)
 <LI><a href="#[3d]">Reset_Handler</a> from startup_gr55xx.o(.text) referenced from startup_gr55xx.o(RESET)
 <LI><a href="#[61]">SLPTIMER_IRQHandler</a> from interrupt_gr55xx.o(RAM_CODE) referenced from startup_gr55xx.o(RESET)
 <LI><a href="#[4b]">SPI_M_IRQHandler</a> from startup_gr55xx.o(.text) referenced from startup_gr55xx.o(RESET)
 <LI><a href="#[4c]">SPI_S_IRQHandler</a> from startup_gr55xx.o(.text) referenced from startup_gr55xx.o(RESET)
 <LI><a href="#[43]">SVC_Handler</a> from interrupt_gr55xx.o(RAM_CODE) referenced from startup_gr55xx.o(RESET)
 <LI><a href="#[46]">SysTick_Handler</a> from gr55xx_it.o(i.SysTick_Handler) referenced from startup_gr55xx.o(RESET)
 <LI><a href="#[6b]">SystemInit</a> from system_gr55xx.o(i.SystemInit) referenced from startup_gr55xx.o(.text)
 <LI><a href="#[4f]">TIMER0_IRQHandler</a> from gr55xx_it.o(i.TIMER0_IRQHandler) referenced from startup_gr55xx.o(RESET)
 <LI><a href="#[50]">TIMER1_IRQHandler</a> from gr55xx_it.o(i.TIMER1_IRQHandler) referenced from startup_gr55xx.o(RESET)
 <LI><a href="#[53]">UART0_IRQHandler</a> from uart0.o(i.UART0_IRQHandler) referenced from startup_gr55xx.o(RESET)
 <LI><a href="#[54]">UART1_IRQHandler</a> from startup_gr55xx.o(.text) referenced from startup_gr55xx.o(RESET)
 <LI><a href="#[42]">UsageFault_Handler</a> from interrupt_gr55xx.o(RAM_CODE) referenced from startup_gr55xx.o(RESET)
 <LI><a href="#[47]">WDT_IRQHandler</a> from startup_gr55xx.o(.text) referenced from startup_gr55xx.o(RESET)
 <LI><a href="#[5d]">XQSPI_IRQHandler</a> from startup_gr55xx.o(.text) referenced from startup_gr55xx.o(RESET)
 <LI><a href="#[6e]">_snputc</a> from printfa.o(i._snputc) referenced from printfa.o(i.__0snprintf)
 <LI><a href="#[6e]">_snputc</a> from printfa.o(i._snputc) referenced from printfa.o(i.__0vsnprintf)
 <LI><a href="#[6f]">_sputc</a> from printfa.o(i._sputc) referenced from printfa.o(i.__0sprintf)
 <LI><a href="#[86]">adc_dma_cplt</a> from gr55xx_hal_adc_patch.o(i.adc_dma_cplt) referenced from gr55xx_hal_adc_patch.o(i.hal_adc_start_dma)
 <LI><a href="#[87]">adc_dma_error</a> from rom_symbol.txt(ABSOLUTE) referenced from gr55xx_hal_adc_patch.o(i.hal_adc_start_dma)
 <LI><a href="#[c3]">app_gap_adv_start_cb</a> from user_gap_callback.o(i.app_gap_adv_start_cb) referenced from user_gap_callback.o(.constdata)
 <LI><a href="#[c4]">app_gap_connect_cb</a> from user_gap_callback.o(i.app_gap_connect_cb) referenced from user_gap_callback.o(.constdata)
 <LI><a href="#[c6]">app_gap_connection_update_req_cb</a> from user_gap_callback.o(i.app_gap_connection_update_req_cb) referenced from user_gap_callback.o(.constdata)
 <LI><a href="#[c5]">app_gap_disconnect_cb</a> from user_gap_callback.o(i.app_gap_disconnect_cb) referenced from user_gap_callback.o(.constdata)
 <LI><a href="#[c7]">app_gatt_mtu_exchange_cb</a> from user_gatt_common_callback.o(i.app_gatt_mtu_exchange_cb) referenced from user_gatt_common_callback.o(.constdata)
 <LI><a href="#[d9]">atts_execute_write_req</a> from rom_symbol.txt(ABSOLUTE) referenced from atts_patch.o(.constdata)
 <LI><a href="#[cf]">atts_find_by_type_req</a> from rom_symbol.txt(ABSOLUTE) referenced from atts_patch.o(.constdata)
 <LI><a href="#[ce]">atts_find_info_req</a> from rom_symbol.txt(ABSOLUTE) referenced from atts_patch.o(.constdata)
 <LI><a href="#[cd]">atts_mtu_exc_req</a> from rom_symbol.txt(ABSOLUTE) referenced from atts_patch.o(.constdata)
 <LI><a href="#[d8]">atts_prepare_write_req</a> from rom_symbol.txt(ABSOLUTE) referenced from atts_patch.o(.constdata)
 <LI><a href="#[d3]">atts_read_blob_req</a> from rom_symbol.txt(ABSOLUTE) referenced from atts_patch.o(.constdata)
 <LI><a href="#[d1]">atts_read_by_grp_type_req</a> from rom_symbol.txt(ABSOLUTE) referenced from atts_patch.o(.constdata)
 <LI><a href="#[d0]">atts_read_by_type_req</a> from rom_symbol.txt(ABSOLUTE) referenced from atts_patch.o(.constdata)
 <LI><a href="#[d4]">atts_read_mult_req_patch</a> from atts_patch.o(i.atts_read_mult_req_patch) referenced from atts_patch.o(.constdata)
 <LI><a href="#[d2]">atts_read_req</a> from rom_symbol.txt(ABSOLUTE) referenced from atts_patch.o(.constdata)
 <LI><a href="#[d5]">atts_write_cmd</a> from rom_symbol.txt(ABSOLUTE) referenced from atts_patch.o(.constdata)
 <LI><a href="#[d6]">atts_write_req</a> from rom_symbol.txt(ABSOLUTE) referenced from atts_patch.o(.constdata)
 <LI><a href="#[d7]">atts_write_signed</a> from rom_symbol.txt(ABSOLUTE) referenced from atts_patch.o(.constdata)
 <LI><a href="#[be]">bb_watch_timer_cbk_patch</a> from sch_prog_patch.o(i.bb_watch_timer_cbk_patch) referenced from sch_prog_patch.o(i.sch_prog_frm_cbk_replace)
 <LI><a href="#[bc]">bb_watch_timer_start_patch</a> from sch_prog_patch.o(RAM_CODE) referenced from sch_prog_patch.o(i.sch_prog_frm_cbk_replace)
 <LI><a href="#[cb]">ble_bm_set_sec_info_patch</a> from ble_bondmgr_patch.o(i.ble_bm_set_sec_info_patch) referenced from fpb_patch_init.o(.constdata)
 <LI><a href="#[b4]">ble_core_sleep_patch</a> from rwip_sleep_patch.o(RAM_CODE) referenced from rwip_sleep_patch.o(i.rwip_sleep_func_replace)
 <LI><a href="#[37]">ble_init_cmp_callback</a> from user_app.o(i.ble_init_cmp_callback) referenced 2 times from main.o(.data)
 <LI><a href="#[b8]">ble_irq_handler_without_stack_init</a> from rwip_sleep_common.o(RAM_CODE) referenced from rwip_sleep_common.o(i.rwip_sleep_without_stack_init_replace)
 <LI><a href="#[73]">ble_nvds_del</a> from sdk_nvds_patch.o(i.ble_nvds_del) referenced from sdk_nvds_patch.o(i.ble_nvds_set_entry)
 <LI><a href="#[71]">ble_nvds_get</a> from rom_symbol.txt(ABSOLUTE) referenced from sdk_nvds_patch.o(i.ble_nvds_set_entry)
 <LI><a href="#[70]">ble_nvds_initialized</a> from rom_symbol.txt(ABSOLUTE) referenced from sdk_nvds_patch.o(i.ble_nvds_set_entry)
 <LI><a href="#[72]">ble_nvds_put</a> from sdk_nvds_patch.o(i.ble_nvds_put) referenced from sdk_nvds_patch.o(i.ble_nvds_set_entry)
 <LI><a href="#[78]">ble_rwip_wakeup</a> from rom_symbol.txt(ABSOLUTE) referenced from system_sdk_patch.o(i.ble_stack_init)
 <LI><a href="#[79]">ble_rwip_wakeup_end</a> from rom_symbol.txt(ABSOLUTE) referenced from system_sdk_patch.o(i.ble_stack_init)
 <LI><a href="#[40a]">ble_rwip_wakeup_patch</a> from rwip_sleep_patch.o(RAM_CODE) referenced from rwip_sleep_patch.o(RAM_CODE)
 <LI><a href="#[89]">ble_sdk_common_timeout_handler</a> from rom_symbol.txt(ABSOLUTE) referenced from ble_sdk_task_patch.o(i.host_to_sdk_msg_handler_patch)
 <LI><a href="#[1d]">ble_sdk_gatt_mtu_changed_ind_handler_patch</a> from ble_sdk_gatt_task_patch.o(i.ble_sdk_gatt_mtu_changed_ind_handler_patch) referenced 2 times from platform_gr55xx.o(.data)
 <LI><a href="#[1b]">ble_sdk_gattc_event_ind_handler_patch</a> from ble_sdk_gatt_task_patch.o(i.ble_sdk_gattc_event_ind_handler_patch) referenced 2 times from platform_gr55xx.o(.data)
 <LI><a href="#[1c]">ble_sdk_gatts_svc_changed_cfg_ind_handler_patch</a> from ble_sdk_gatt_task_patch.o(i.ble_sdk_gatts_svc_changed_cfg_ind_handler_patch) referenced 2 times from platform_gr55xx.o(.data)
 <LI><a href="#[b9]">ble_sdk_handler_without_stack_init</a> from rwip_sleep_common.o(RAM_CODE) referenced from rwip_sleep_common.o(i.rwip_sleep_without_stack_init_replace)
 <LI><a href="#[76]">ble_sdk_init_patch</a> from ble_sdk_patch.o(i.ble_sdk_init_patch) referenced from ble_sdk_patch.o(i.ble_sdk_replace)
 <LI><a href="#[b7]">ble_sleep_handler_without_stack_init</a> from rwip_sleep_common.o(RAM_CODE) referenced from rwip_sleep_common.o(i.rwip_sleep_without_stack_init_replace)
 <LI><a href="#[b6]">ble_sleep_without_stack_init</a> from rwip_sleep_common.o(i.ble_sleep_without_stack_init) referenced from rwip_sleep_common.o(i.rwip_sleep_without_stack_init_replace)
 <LI><a href="#[7b]">config_1M_tx_gain_value</a> from rom_symbol.txt(ABSOLUTE) referenced from system_sdk_patch.o(i.ble_stack_init)
 <LI><a href="#[7c]">config_2M_tx_gain_value</a> from rom_symbol.txt(ABSOLUTE) referenced from system_sdk_patch.o(i.ble_stack_init)
 <LI><a href="#[7d]">config_coded_tx_gain_value</a> from rom_symbol.txt(ABSOLUTE) referenced from system_sdk_patch.o(i.ble_stack_init)
 <LI><a href="#[ac]">cpll_calibration</a> from platform_sdk.o(i.cpll_calibration) referenced from platform_sdk.o(i.platform_sdk_init)
 <LI><a href="#[a8]">fpb_patch_enable</a> from fpb_patch_init.o(i.fpb_patch_enable) referenced from platform_gr55xx.o(i.platform_init)
 <LI><a href="#[6d]">fputc</a> from uart0.o(i.fputc) referenced from printfa.o(i.__0printf)
 <LI><a href="#[2]">gap_activity_stopped_ind_handler_patch</a> from ble_sdk_gapm_patch.o(i.gap_activity_stopped_ind_handler_patch) referenced 2 times from platform_gr55xx.o(.data)
 <LI><a href="#[19]">gap_cmp_evt_handler_patch</a> from ble_sdk_gapc_patch.o(i.gap_cmp_evt_handler_patch) referenced 2 times from platform_gr55xx.o(.data)
 <LI><a href="#[16]">gap_connection_req_ind_handler_patch</a> from ble_sdk_gapc_patch.o(i.gap_connection_req_ind_handler_patch) referenced 2 times from platform_gr55xx.o(.data)
 <LI><a href="#[3]">gap_dev_bdaddr_ind_handler_patch</a> from ble_sdk_gapm_patch.o(i.gap_dev_bdaddr_ind_handler_patch) referenced 2 times from platform_gr55xx.o(.data)
 <LI><a href="#[74]">gap_device_config_params_init_patch</a> from ble_sdk_gapm_patch.o(i.gap_device_config_params_init_patch) referenced from ble_sdk_gapm_patch.o(i.ble_sdk_gapm_replace)
 <LI><a href="#[17]">gap_disconnect_ind_handler_patch</a> from ble_sdk_gapc_patch.o(i.gap_disconnect_ind_handler_patch) referenced 2 times from platform_gr55xx.o(.data)
 <LI><a href="#[75]">gap_init_fsm_next_func_patch</a> from ble_sdk_gapm_patch.o(i.gap_init_fsm_next_func_patch) referenced from ble_sdk_gapm_patch.o(i.ble_sdk_gapm_replace)
 <LI><a href="#[15]">gapc_hci_handler_patch</a> from gapc_hci_patch.o(i.gapc_hci_handler_patch) referenced 2 times from platform_gr55xx.o(.data)
 <LI><a href="#[1e]">gapm_activity_create_cmd_handler_patch</a> from gapm_actv_patch.o(i.gapm_activity_create_cmd_handler_patch) referenced 2 times from platform_gr55xx.o(.data)
 <LI><a href="#[80]">gapm_adv_check_param_func_patch</a> from gapm_adv_patch.o(i.gapm_adv_check_param_func_patch) referenced from gapm_adv_patch.o(i.gapm_adv_replace)
 <LI><a href="#[1]">gapm_cmp_evt_handler_patch</a> from ble_sdk_gapm_patch.o(i.gapm_cmp_evt_handler_patch) referenced 2 times from platform_gr55xx.o(.data)
 <LI><a href="#[1f]">gapm_hci_handler_patch</a> from gapm_task_patch.o(i.gapm_hci_handler_patch) referenced 2 times from platform_gr55xx.o(.data)
 <LI><a href="#[84]">gapm_init_connection_ind_func_patch</a> from gapm_init_patch.o(i.gapm_init_connection_ind_func_patch) referenced from gapm_init_patch.o(i.gapm_init_replace)
 <LI><a href="#[83]">gapm_init_delete</a> from rom_symbol.txt(ABSOLUTE) referenced from gapm_init_patch.o(i.gapm_init_create_patch)
 <LI><a href="#[81]">gapm_init_start_patch</a> from gapm_init_patch.o(i.gapm_init_start_patch) referenced from gapm_init_patch.o(i.gapm_init_create_patch)
 <LI><a href="#[82]">gapm_init_stop_patch</a> from gapm_init_patch.o(i.gapm_init_stop_patch) referenced from gapm_init_patch.o(i.gapm_init_create_patch)
 <LI><a href="#[85]">gatt_on_disconnection_func_patch</a> from ble_sdk_gatts_patch.o(i.gatt_on_disconnection_func_patch) referenced from ble_sdk_gatts_patch.o(i.gatt_on_disconnection_replace)
 <LI><a href="#[bf]">gattc_write_req_ind_handler_patch</a> from ble_sdk_prf_patch.o(i.gattc_write_req_ind_handler_patch) referenced from ble_sdk_prf_patch.o(i.sdk_prf_msg_handler_tab_replace)
 <LI><a href="#[7f]">get_info</a> from dfu_cmd_handler_patch.o(i.get_info) referenced from dfu_cmd_handler_patch.o(i.dfu_cmd_handler_replace)
 <LI><a href="#[3c]">gus_cccd_set_cb</a> from gus.o(i.gus_cccd_set_cb) referenced 2 times from gus.o(.data)
 <LI><a href="#[38]">gus_init</a> from gus.o(i.gus_init) referenced 2 times from gus.o(.data)
 <LI><a href="#[3b]">gus_ntf_ind_cb</a> from gus.o(i.gus_ntf_ind_cb) referenced 2 times from gus.o(.data)
 <LI><a href="#[39]">gus_read_att_cb</a> from gus.o(i.gus_read_att_cb) referenced 2 times from gus.o(.data)
 <LI><a href="#[c0]">gus_service_process_event</a> from user_app.o(i.gus_service_process_event) referenced from user_app.o(i.services_init)
 <LI><a href="#[3a]">gus_write_att_cb</a> from gus.o(i.gus_write_att_cb) referenced 2 times from gus.o(.data)
 <LI><a href="#[36]">hal_adc_conv_cplt_callback</a> from adc.o(i.hal_adc_conv_cplt_callback) referenced 2 times from gr55xx_hal_adc.o(.data)
 <LI><a href="#[35]">hal_adc_msp_deinit</a> from adc.o(i.hal_adc_msp_deinit) referenced 2 times from gr55xx_hal_adc.o(.data)
 <LI><a href="#[34]">hal_adc_msp_init</a> from adc.o(i.hal_adc_msp_init) referenced 2 times from gr55xx_hal_adc.o(.data)
 <LI><a href="#[2b]">hal_aon_gpio_callback</a> from gr55xx_hal_aon_gpio.o(i.hal_aon_gpio_callback) referenced 2 times from gr55xx_hal_aon_gpio.o(.data)
 <LI><a href="#[ca]">hal_exflash_erase</a> from gr55xx_hal_exflash_patch.o(RAM_CODE) referenced from fpb_patch_init.o(.constdata)
 <LI><a href="#[c9]">hal_exflash_write</a> from gr55xx_hal_exflash_patch.o(RAM_CODE) referenced from fpb_patch_init.o(.constdata)
 <LI><a href="#[2a]">hal_gpio_exti_callback</a> from gr55xx_hal_gpio.o(i.hal_gpio_exti_callback) referenced 2 times from gr55xx_hal_gpio.o(.data)
 <LI><a href="#[28]">hal_timer_base_msp_deinit</a> from gr55xx_hal_msp.o(i.hal_timer_base_msp_deinit) referenced 2 times from gr55xx_hal_tim.o(.data)
 <LI><a href="#[27]">hal_timer_base_msp_init</a> from gr55xx_hal_msp.o(i.hal_timer_base_msp_init) referenced 2 times from gr55xx_hal_tim.o(.data)
 <LI><a href="#[29]">hal_timer_period_elapsed_callback</a> from timer.o(i.hal_timer_period_elapsed_callback) referenced 2 times from gr55xx_hal_tim.o(.data)
 <LI><a href="#[31]">hal_uart_abort_cplt_callback</a> from gr55xx_hal_uart.o(i.hal_uart_abort_cplt_callback) referenced 2 times from gr55xx_hal_uart.o(.data)
 <LI><a href="#[33]">hal_uart_abort_rx_cplt_callback</a> from gr55xx_hal_uart.o(i.hal_uart_abort_rx_cplt_callback) referenced 2 times from gr55xx_hal_uart.o(.data)
 <LI><a href="#[32]">hal_uart_abort_tx_cplt_callback</a> from gr55xx_hal_uart.o(i.hal_uart_abort_tx_cplt_callback) referenced 2 times from gr55xx_hal_uart.o(.data)
 <LI><a href="#[30]">hal_uart_error_callback</a> from gr55xx_hal_uart.o(i.hal_uart_error_callback) referenced 2 times from gr55xx_hal_uart.o(.data)
 <LI><a href="#[2d]">hal_uart_msp_deinit</a> from gr55xx_hal_uart.o(i.hal_uart_msp_deinit) referenced 2 times from gr55xx_hal_uart.o(.data)
 <LI><a href="#[2c]">hal_uart_msp_init</a> from gr55xx_hal_uart.o(i.hal_uart_msp_init) referenced 2 times from gr55xx_hal_uart.o(.data)
 <LI><a href="#[2f]">hal_uart_rx_cplt_callback</a> from uart0.o(i.hal_uart_rx_cplt_callback) referenced 2 times from gr55xx_hal_uart.o(.data)
 <LI><a href="#[2e]">hal_uart_tx_cplt_callback</a> from gr55xx_hal_uart.o(i.hal_uart_tx_cplt_callback) referenced 2 times from gr55xx_hal_uart.o(.data)
 <LI><a href="#[20]">hci_le_add_dev_to_wlst_cmd_handler_patch</a> from llm_hci_patch.o(i.hci_le_add_dev_to_wlst_cmd_handler_patch) referenced 2 times from platform_gr55xx.o(.data)
 <LI><a href="#[22]">hci_le_clear_wlst_cmd_handler_patch</a> from llm_hci_patch.o(i.hci_le_clear_wlst_cmd_handler_patch) referenced 2 times from platform_gr55xx.o(.data)
 <LI><a href="#[26]">hci_le_cmd_cmp_evt_init_handler_patch</a> from gapm_init_patch.o(i.hci_le_cmd_cmp_evt_init_handler_patch) referenced 2 times from platform_gr55xx.o(.data)
 <LI><a href="#[91]">hci_le_con_upd_cmd_handler</a> from rom_symbol.txt(ABSOLUTE) referenced from llc_hci_patch.o(i.llc_hci_new_handler_find)
 <LI><a href="#[92]">hci_le_con_upd_cmd_handler_patch</a> from llc_con_upd_patch.o(i.hci_le_con_upd_cmd_handler_patch) referenced from llc_hci_patch.o(i.llc_hci_new_handler_find)
 <LI><a href="#[23]">hci_le_ext_create_con_cmd_handler_patch</a> from llm_hci_patch.o(i.hci_le_ext_create_con_cmd_handler_patch) referenced 2 times from platform_gr55xx.o(.data)
 <LI><a href="#[21]">hci_le_rmv_dev_from_wlst_cmd_handler_patch</a> from llm_hci_patch.o(i.hci_le_rmv_dev_from_wlst_cmd_handler_patch) referenced 2 times from platform_gr55xx.o(.data)
 <LI><a href="#[25]">hci_le_set_ext_scan_en_cmd_handler_patch</a> from llm_scan_patch.o(i.hci_le_set_ext_scan_en_cmd_handler_patch) referenced 2 times from platform_gr55xx.o(.data)
 <LI><a href="#[24]">hci_le_set_ext_scan_param_cmd_handler_patch</a> from llm_scan_patch.o(i.hci_le_set_ext_scan_param_cmd_handler_patch) referenced 2 times from platform_gr55xx.o(.data)
 <LI><a href="#[14]">hci_nb_cmp_pkts_evt_handler_patch</a> from l2cc_task_patch.o(i.hci_nb_cmp_pkts_evt_handler_patch) referenced 2 times from platform_gr55xx.o(.data)
 <LI><a href="#[c8]">hci_send_2_controller_patch</a> from hci_patch.o(i.hci_send_2_controller_patch) referenced from fpb_patch_init.o(.constdata)
 <LI><a href="#[6]">host_to_sdk_msg_handler_patch</a> from ble_sdk_task_patch.o(i.host_to_sdk_msg_handler_patch) referenced 2 times from platform_gr55xx.o(.data)
 <LI><a href="#[cc]">ke_task_schedule_patch</a> from ke_task_patch.o(i.ke_task_schedule_patch) referenced from fpb_patch_init.o(.constdata)
 <LI><a href="#[7]">l2cc_pdu_recv_ind_handler_patch</a> from gattc_task_patch.o(i.l2cc_pdu_recv_ind_handler_patch) referenced 2 times from platform_gr55xx.o(.data)
 <LI><a href="#[8a]">l2cm_l2cap_tx_handler_patch</a> from l2cm_patch.o(i.l2cm_l2cap_tx_handler_patch) referenced from l2cm_patch.o(i.l2cm_l2cap_tx_handler_replace)
 <LI><a href="#[96]">ll_channel_map_ind_handler_patch</a> from llc_chmap_upd_patch.o(i.ll_channel_map_ind_handler_patch) referenced from llc_llcp_patch.o(i.llcp_pdu_handler_tab_replace)
 <LI><a href="#[98]">ll_connection_param_req_handler_patch</a> from llc_con_upd_patch.o(i.ll_connection_param_req_handler_patch) referenced from llc_llcp_patch.o(i.llcp_pdu_handler_tab_replace)
 <LI><a href="#[97]">ll_connection_update_ind_handler_patch</a> from llc_con_upd_patch.o(i.ll_connection_update_ind_handler_patch) referenced from llc_llcp_patch.o(i.llcp_pdu_handler_tab_replace)
 <LI><a href="#[99]">ll_phy_req_handler_patch</a> from llc_phy_upd_patch.o(i.ll_phy_req_handler_patch) referenced from llc_llcp_patch.o(i.llcp_pdu_handler_tab_replace)
 <LI><a href="#[11]">llc_auth_payl_nearly_to_handler_patch</a> from llc_le_ping_patch.o(i.llc_auth_payl_nearly_to_handler_patch) referenced 2 times from platform_gr55xx.o(.data)
 <LI><a href="#[12]">llc_auth_payl_real_to_handler_patch</a> from llc_le_ping_patch.o(i.llc_auth_payl_real_to_handler_patch) referenced 2 times from platform_gr55xx.o(.data)
 <LI><a href="#[8b]">llc_ch_map_up_proc_err_cb</a> from rom_symbol.txt(ABSOLUTE) referenced from llc_chmap_upd_patch.o(i.ll_channel_map_ind_handler_patch)
 <LI><a href="#[5]">llc_hci_command_handler_patch</a> from llc_hci_patch.o(i.llc_hci_command_handler_patch) referenced 2 times from platform_gr55xx.o(.data)
 <LI><a href="#[94]">llc_ll_enc_rsp_ack_handler</a> from rom_symbol.txt(ABSOLUTE) referenced from llc_encrypt_patch.o(i.llc_rem_encrypt_proc_continue_patch)
 <LI><a href="#[93]">llc_ll_reject_ind_ack_handler</a> from rom_symbol.txt(ABSOLUTE) referenced from llc_encrypt_patch.o(i.llc_rem_encrypt_proc_continue_patch)
 <LI><a href="#[95]">llc_ll_start_enc_rsp_ack_handler</a> from rom_symbol.txt(ABSOLUTE) referenced from llc_encrypt_patch.o(i.llc_rem_encrypt_proc_continue_patch)
 <LI><a href="#[88]">llc_loc_con_upd_proc_err_cb</a> from rom_symbol.txt(ABSOLUTE) referenced from llc_con_upd_patch.o(i.hci_le_con_upd_cmd_handler_patch)
 <LI><a href="#[88]">llc_loc_con_upd_proc_err_cb</a> from rom_symbol.txt(ABSOLUTE) referenced from llc_con_upd_patch.o(i.llc_rem_con_upd_proc_continue_patch)
 <LI><a href="#[8]">llc_loc_llcp_rsp_to_handler_patch</a> from llc_task_patch.o(i.llc_loc_llcp_rsp_to_handler_patch) referenced 2 times from platform_gr55xx.o(.data)
 <LI><a href="#[13]">llc_op_dl_upd_ind_handler_patch</a> from llc_dl_upd_patch.o(i.llc_op_dl_upd_ind_handler_patch) referenced 2 times from platform_gr55xx.o(.data)
 <LI><a href="#[8e]">llc_pref_param_compute_func_patch</a> from llc_con_upd_patch.o(i.llc_pref_param_compute_func_patch) referenced from llc_con_upd_patch.o(i.llc_con_upd_replace)
 <LI><a href="#[8f]">llc_rem_con_upd_proc_continue_patch</a> from llc_con_upd_patch.o(i.llc_rem_con_upd_proc_continue_patch) referenced from llc_con_upd_patch.o(i.llc_con_upd_replace)
 <LI><a href="#[8c]">llc_rem_con_upd_proc_err_cb</a> from rom_symbol.txt(ABSOLUTE) referenced from llc_con_upd_patch.o(i.ll_connection_param_req_handler_patch)
 <LI><a href="#[8c]">llc_rem_con_upd_proc_err_cb</a> from rom_symbol.txt(ABSOLUTE) referenced from llc_con_upd_patch.o(i.ll_connection_update_ind_handler_patch)
 <LI><a href="#[90]">llc_rem_encrypt_proc_continue_patch</a> from llc_encrypt_patch.o(i.llc_rem_encrypt_proc_continue_patch) referenced from llc_encrypt_patch.o(i.llc_encrypt_replace)
 <LI><a href="#[9]">llc_rem_llcp_rsp_to_handler_patch</a> from llc_task_patch.o(i.llc_rem_llcp_rsp_to_handler_patch) referenced 2 times from platform_gr55xx.o(.data)
 <LI><a href="#[8d]">llc_rem_phy_upd_proc_err_cb</a> from rom_symbol.txt(ABSOLUTE) referenced from llc_phy_upd_patch.o(i.ll_phy_req_handler_patch)
 <LI><a href="#[c]">lld_acl_rx_ind_handler_patch</a> from llc_task_patch.o(i.lld_acl_rx_ind_handler_patch) referenced 2 times from platform_gr55xx.o(.data)
 <LI><a href="#[9a]">lld_adv_frm_cbk_func_patch</a> from lld_adv_patch.o(i.lld_adv_frm_cbk_func_patch) referenced from lld_adv_patch.o(i.lld_adv_replace)
 <LI><a href="#[a6]">lld_adv_start_func_patch</a> from lld_scan_patch.o(i.lld_adv_start_func_patch) referenced from lld_scan_patch.o(i.lld_scan_frm_cbk_replace)
 <LI><a href="#[dc]">lld_bi_frm_cbk</a> from rom_symbol.txt(ABSOLUTE) referenced from sch_prog_patch.o(RAM_CODE)
 <LI><a href="#[e]">lld_ch_map_upd_cfm_handler_patch</a> from llc_chmap_upd_patch.o(i.lld_ch_map_upd_cfm_handler_patch) referenced 2 times from platform_gr55xx.o(.data)
 <LI><a href="#[dd]">lld_ci_frm_cbk</a> from rom_symbol.txt(ABSOLUTE) referenced from sch_prog_patch.o(RAM_CODE)
 <LI><a href="#[9f]">lld_con_evt_start_cbk_patch</a> from lld_con_patch.o(RAM_CODE) referenced from lld_con_patch.o(i.lld_con_start_patch)
 <LI><a href="#[9d]">lld_con_frm_cbk_patch</a> from lld_con_patch.o(RAM_CODE) referenced from lld_con_patch.o(i.lld_con_replace)
 <LI><a href="#[10]">lld_con_offset_upd_ind_handler_patch</a> from llc_con_upd_patch.o(i.lld_con_offset_upd_ind_handler_patch) referenced 2 times from platform_gr55xx.o(.data)
 <LI><a href="#[d]">lld_con_param_upd_cfm_handler_patch</a> from llc_con_upd_patch.o(i.lld_con_param_upd_cfm_handler_patch) referenced 2 times from platform_gr55xx.o(.data)
 <LI><a href="#[9b]">lld_con_sched_patch</a> from lld_con_patch.o(RAM_CODE) referenced from lld_con_patch.o(i.lld_con_replace)
 <LI><a href="#[9c]">lld_con_start_patch</a> from lld_con_patch.o(i.lld_con_start_patch) referenced from lld_con_patch.o(i.lld_con_replace)
 <LI><a href="#[9e]">lld_con_tx_prog_patch</a> from lld_con_patch.o(i.lld_con_tx_prog_patch) referenced from lld_con_patch.o(i.lld_con_replace)
 <LI><a href="#[a1]">lld_init_evt_canceled_cbk</a> from rom_symbol.txt(ABSOLUTE) referenced from lld_init_patch.o(i.lld_init_start_patch)
 <LI><a href="#[a2]">lld_init_evt_start_cbk_patch</a> from lld_init_patch.o(RAM_CODE) referenced from lld_init_patch.o(i.lld_init_start_patch)
 <LI><a href="#[a0]">lld_init_patch</a> from lld_patch.o(i.lld_init_patch) referenced from lld_patch.o(i.lld_init_replace)
 <LI><a href="#[a3]">lld_init_start_patch</a> from lld_init_patch.o(i.lld_init_start_patch) referenced from lld_init_patch.o(i.lld_init_start_replace)
 <LI><a href="#[a]">lld_llcp_rx_ind_handler_patch</a> from llc_llcp_patch.o(i.lld_llcp_rx_ind_handler_patch) referenced 2 times from platform_gr55xx.o(.data)
 <LI><a href="#[b]">lld_llcp_tx_cfm_handler_patch</a> from llc_llcp_patch.o(i.lld_llcp_tx_cfm_handler_patch) referenced 2 times from platform_gr55xx.o(.data)
 <LI><a href="#[f]">lld_phy_upd_cfm_handler_patch</a> from llc_phy_upd_patch.o(i.lld_phy_upd_cfm_handler_patch) referenced 2 times from platform_gr55xx.o(.data)
 <LI><a href="#[a7]">lld_scan_evt_start_cbk_patch</a> from lld_scan_patch.o(RAM_CODE) referenced from lld_scan_patch.o(i.lld_scan_start_func_patch)
 <LI><a href="#[a4]">lld_scan_frm_cbk_func_patch</a> from lld_scan_patch.o(RAM_CODE) referenced from lld_scan_patch.o(i.lld_scan_frm_cbk_replace)
 <LI><a href="#[a5]">lld_scan_start_func_patch</a> from lld_scan_patch.o(i.lld_scan_start_func_patch) referenced from lld_scan_patch.o(i.lld_scan_frm_cbk_replace)
 <LI><a href="#[de]">lld_supervision_to_cb</a> from rom_symbol.txt(ABSOLUTE) referenced from lld_con_patch.o(RAM_CODE)
 <LI><a href="#[db]">lld_test_frm_cbk</a> from rom_symbol.txt(ABSOLUTE) referenced from sch_prog_patch.o(RAM_CODE)
 <LI><a href="#[4]">llm_hci_command_handler_patch</a> from llm_hci_patch.o(i.llm_hci_command_handler_patch) referenced 2 times from platform_gr55xx.o(.data)
 <LI><a href="#[da]">lp_cali_watch_alarm_cb</a> from sch_prog_patch.o(RAM_CODE) referenced from sch_prog_patch.o(RAM_CODE)
 <LI><a href="#[69]">main</a> from platform_gr55xx.o(i.$Sub$$main) referenced from entry9a.o(.ARM.Collect$$$$0000000B)
 <LI><a href="#[6c]">main_init</a> from system_gr55xx.o(i.main_init) referenced from startup_gr55xx.o(.text)
 <LI><a href="#[ad]">pwr_mgmt_shutdown_patch</a> from sdk_pwr_mgmt_patch.o(TINY_RAM_SPACE) referenced from sdk_pwr_mgmt_patch.o(i.pwr_mgmt_shutdown_replace)
 <LI><a href="#[ae]">rf_init_patch</a> from rf_gdx_patch.o(i.rf_init_patch) referenced from rf_gdx_patch.o(i.rf_gdx_replace)
 <LI><a href="#[7e]">rf_recalibrate</a> from rom_symbol.txt(ABSOLUTE) referenced from system_sdk_patch.o(i.ble_stack_init)
 <LI><a href="#[b1]">rf_txpwr_cs_get_patch</a> from rf_gdx_patch.o(i.rf_txpwr_cs_get_patch) referenced from rf_gdx_patch.o(i.rf_init_patch)
 <LI><a href="#[b0]">rf_txpwr_dbm_get_patch</a> from rf_gdx_patch.o(i.rf_txpwr_dbm_get_patch) referenced from rf_gdx_patch.o(i.rf_init_patch)
 <LI><a href="#[af]">rf_wakeup_init_patch</a> from rf_gdx_patch.o(RAM_CODE) referenced from rf_gdx_patch.o(i.rf_gdx_replace)
 <LI><a href="#[b2]">rom_callback_patch</a> from rwip_sleep_common.o(RAM_CODE) referenced from rwip_sleep_common.o(i.rom_callback_replace)
 <LI><a href="#[77]">rwip_us_2_lpcycles</a> from rom_symbol.txt(ABSOLUTE) referenced from system_sdk_patch.o(i.ble_stack_init)
 <LI><a href="#[bb]">sch_arb_event_start_isr_patch</a> from sch_arb_patch.o(RAM_CODE) referenced from sch_arb_patch.o(i.sch_arb_replace)
 <LI><a href="#[ba]">sch_arb_insert_patch</a> from sch_arb_patch.o(RAM_CODE) referenced from sch_arb_patch.o(i.sch_arb_replace)
 <LI><a href="#[bd]">sch_prog_activity_isr_patch</a> from sch_prog_patch.o(RAM_CODE) referenced from sch_prog_patch.o(i.sch_prog_frm_cbk_replace)
 <LI><a href="#[1a]">sec_rcv_encrypt_req_ind_handler_patch</a> from ble_sdk_sec_patch.o(i.sec_rcv_encrypt_req_ind_handler_patch) referenced 2 times from platform_gr55xx.o(.data)
 <LI><a href="#[18]">sec_rcv_sec_req_ind_handler_patch</a> from ble_sdk_sec_patch.o(i.sec_rcv_sec_req_ind_handler_patch) referenced 2 times from platform_gr55xx.o(.data)
 <LI><a href="#[6a]">set_msp</a> from system_gr55xx.o(i.set_msp) referenced from startup_gr55xx.o(.text)
 <LI><a href="#[7a]">set_sdk_schedule_event</a> from rom_symbol.txt(ABSOLUTE) referenced from system_sdk_patch.o(i.ble_stack_init)
 <LI><a href="#[c1]">smpc_handle_enc_change_evt_func_patch</a> from smpc_patch.o(i.smpc_handle_enc_change_evt_func_patch) referenced from smpc_patch.o(i.smpc_handle_enc_change_evt_func_replace)
 <LI><a href="#[aa]">sys_context_restore_func</a> from platform_sys_context.o(RAM_CODE) referenced from platform_sdk.o(i.platform_sdk_init)
 <LI><a href="#[a9]">sys_context_save_func</a> from platform_sys_context.o(RAM_CODE) referenced from platform_sdk.o(i.platform_sdk_init)
 <LI><a href="#[ab]">ultra_wfi</a> from rom_symbol.txt(ABSOLUTE) referenced from platform_sdk.o(i.platform_sdk_init)
</UL>
<P>
<H3>
Global Symbols
</H3>
<P><STRONG><a name="[359]"></a>bl1_srand</STRONG> (Thumb, 0 bytes, Stack size 0 bytes, rom_symbol.txt(ABSOLUTE))
<BR><BR>[Called By]<UL><LI><a href="#[1cb]">&gt;&gt;</a>&nbsp;&nbsp;&nbsp;rand_seed_gen (via Veneer)
</UL>

<P><STRONG><a name="[87]"></a>adc_dma_error</STRONG> (Thumb, 0 bytes, Stack size 0 bytes, rom_symbol.txt(ABSOLUTE), UNUSED)
<BR>[Address Reference Count : 1]<UL><LI> gr55xx_hal_adc_patch.o(i.hal_adc_start_dma)
</UL>
<P><STRONG><a name="[159]"></a>adc_wait_notempty_until_timeout</STRONG> (Thumb, 0 bytes, Stack size 0 bytes, rom_symbol.txt(ABSOLUTE))
<BR><BR>[Called By]<UL><LI><a href="#[204]">&gt;&gt;</a>&nbsp;&nbsp;&nbsp;hal_adc_poll_for_conversion (via Veneer)
<LI><a href="#[107]">&gt;&gt;</a>&nbsp;&nbsp;&nbsp;hal_adc_start_dma (via Veneer)
<LI><a href="#[86]">&gt;&gt;</a>&nbsp;&nbsp;&nbsp;adc_dma_cplt (via Veneer)
</UL>

<P><STRONG><a name="[10b]"></a>assert_err</STRONG> (Thumb, 0 bytes, Stack size 0 bytes, rom_symbol.txt(ABSOLUTE))
<BR><BR>[Called By]<UL><LI><a href="#[23]">&gt;&gt;</a>&nbsp;&nbsp;&nbsp;hci_le_ext_create_con_cmd_handler_patch (via Veneer)
<LI><a href="#[84]">&gt;&gt;</a>&nbsp;&nbsp;&nbsp;gapm_init_connection_ind_func_patch (via Veneer)
<LI><a href="#[8e]">&gt;&gt;</a>&nbsp;&nbsp;&nbsp;llc_pref_param_compute_func_patch (via Veneer)
<LI><a href="#[cc]">&gt;&gt;</a>&nbsp;&nbsp;&nbsp;ke_task_schedule_patch (via Veneer)
<LI><a href="#[c8]">&gt;&gt;</a>&nbsp;&nbsp;&nbsp;hci_send_2_controller_patch (via Veneer)
<LI><a href="#[75]">&gt;&gt;</a>&nbsp;&nbsp;&nbsp;gap_init_fsm_next_func_patch (via Veneer)
<LI><a href="#[303]">&gt;&gt;</a>&nbsp;&nbsp;&nbsp;lld_adv_frm_isr_patch (via Veneer)
<LI><a href="#[a3]">&gt;&gt;</a>&nbsp;&nbsp;&nbsp;lld_init_start_patch (via Veneer)
<LI><a href="#[a2]">&gt;&gt;</a>&nbsp;&nbsp;&nbsp;lld_init_evt_start_cbk_patch
<LI><a href="#[c1]">&gt;&gt;</a>&nbsp;&nbsp;&nbsp;smpc_handle_enc_change_evt_func_patch (via Veneer)
<LI><a href="#[b5]">&gt;&gt;</a>&nbsp;&nbsp;&nbsp;BLESLEEP_IRQHandler_patch
<LI><a href="#[40a]">&gt;&gt;</a>&nbsp;&nbsp;&nbsp;ble_rwip_wakeup_patch
<LI><a href="#[10a]">&gt;&gt;</a>&nbsp;&nbsp;&nbsp;BLESLP_Handler_without_stack_init (via Veneer)
<LI><a href="#[9e]">&gt;&gt;</a>&nbsp;&nbsp;&nbsp;lld_con_tx_prog_patch (via Veneer)
<LI><a href="#[9f]">&gt;&gt;</a>&nbsp;&nbsp;&nbsp;lld_con_evt_start_cbk_patch
<LI><a href="#[a5]">&gt;&gt;</a>&nbsp;&nbsp;&nbsp;lld_scan_start_func_patch (via Veneer)
<LI><a href="#[a6]">&gt;&gt;</a>&nbsp;&nbsp;&nbsp;lld_adv_start_func_patch (via Veneer)
<LI><a href="#[3eb]">&gt;&gt;</a>&nbsp;&nbsp;&nbsp;lld_scan_frm_rx_isr_patch
<LI><a href="#[3e5]">&gt;&gt;</a>&nbsp;&nbsp;&nbsp;lld_scan_process_pkt_rx_patch
<LI><a href="#[18a]">&gt;&gt;</a>&nbsp;&nbsp;&nbsp;rwble_reset_recovery (via Veneer)
<LI><a href="#[bb]">&gt;&gt;</a>&nbsp;&nbsp;&nbsp;sch_arb_event_start_isr_patch
</UL>

<P><STRONG><a name="[2a3]"></a>assert_param</STRONG> (Thumb, 0 bytes, Stack size 0 bytes, rom_symbol.txt(ABSOLUTE))
<BR><BR>[Called By]<UL><LI><a href="#[14]">&gt;&gt;</a>&nbsp;&nbsp;&nbsp;hci_nb_cmp_pkts_evt_handler_patch (via Veneer)
<LI><a href="#[23]">&gt;&gt;</a>&nbsp;&nbsp;&nbsp;hci_le_ext_create_con_cmd_handler_patch (via Veneer)
<LI><a href="#[8f]">&gt;&gt;</a>&nbsp;&nbsp;&nbsp;llc_rem_con_upd_proc_continue_patch (via Veneer)
<LI><a href="#[cc]">&gt;&gt;</a>&nbsp;&nbsp;&nbsp;ke_task_schedule_patch (via Veneer)
<LI><a href="#[90]">&gt;&gt;</a>&nbsp;&nbsp;&nbsp;llc_rem_encrypt_proc_continue_patch (via Veneer)
<LI><a href="#[303]">&gt;&gt;</a>&nbsp;&nbsp;&nbsp;lld_adv_frm_isr_patch (via Veneer)
<LI><a href="#[9a]">&gt;&gt;</a>&nbsp;&nbsp;&nbsp;lld_adv_frm_cbk_func_patch (via Veneer)
<LI><a href="#[42f]">&gt;&gt;</a>&nbsp;&nbsp;&nbsp;rwble_isr_patch
<LI><a href="#[a4]">&gt;&gt;</a>&nbsp;&nbsp;&nbsp;lld_scan_frm_cbk_func_patch
<LI><a href="#[3ec]">&gt;&gt;</a>&nbsp;&nbsp;&nbsp;lld_scan_frm_eof_isr_patch
</UL>

<P><STRONG><a name="[2b7]"></a>assert_warn</STRONG> (Thumb, 0 bytes, Stack size 0 bytes, rom_symbol.txt(ABSOLUTE))
<BR><BR>[Called By]<UL><LI><a href="#[8f]">&gt;&gt;</a>&nbsp;&nbsp;&nbsp;llc_rem_con_upd_proc_continue_patch (via Veneer)
<LI><a href="#[cc]">&gt;&gt;</a>&nbsp;&nbsp;&nbsp;ke_task_schedule_patch (via Veneer)
<LI><a href="#[c8]">&gt;&gt;</a>&nbsp;&nbsp;&nbsp;hci_send_2_controller_patch (via Veneer)
</UL>

<P><STRONG><a name="[2c5]"></a>attc_l2cc_pdu_recv_handler</STRONG> (Thumb, 0 bytes, Stack size 0 bytes, rom_symbol.txt(ABSOLUTE))
<BR><BR>[Called By]<UL><LI><a href="#[7]">&gt;&gt;</a>&nbsp;&nbsp;&nbsp;l2cc_pdu_recv_ind_handler_patch (via Veneer)
</UL>

<P><STRONG><a name="[177]"></a>attmdb_get_attribute</STRONG> (Thumb, 0 bytes, Stack size 0 bytes, rom_symbol.txt(ABSOLUTE))
<BR><BR>[Called By]<UL><LI><a href="#[176]">&gt;&gt;</a>&nbsp;&nbsp;&nbsp;attm_update_max_len (via Veneer)
</UL>

<P><STRONG><a name="[178]"></a>attmdb_uuid16_comp</STRONG> (Thumb, 0 bytes, Stack size 0 bytes, rom_symbol.txt(ABSOLUTE))
<BR><BR>[Called By]<UL><LI><a href="#[176]">&gt;&gt;</a>&nbsp;&nbsp;&nbsp;attm_update_max_len (via Veneer)
</UL>

<P><STRONG><a name="[183]"></a>atts_clear_read_cache</STRONG> (Thumb, 0 bytes, Stack size 0 bytes, rom_symbol.txt(ABSOLUTE))
<BR><BR>[Called By]<UL><LI><a href="#[d4]">&gt;&gt;</a>&nbsp;&nbsp;&nbsp;atts_read_mult_req_patch (via Veneer)
</UL>

<P><STRONG><a name="[d9]"></a>atts_execute_write_req</STRONG> (Thumb, 0 bytes, Stack size 0 bytes, rom_symbol.txt(ABSOLUTE), UNUSED)
<BR>[Address Reference Count : 1]<UL><LI> atts_patch.o(.constdata)
</UL>
<P><STRONG><a name="[cf]"></a>atts_find_by_type_req</STRONG> (Thumb, 0 bytes, Stack size 0 bytes, rom_symbol.txt(ABSOLUTE), UNUSED)
<BR>[Address Reference Count : 1]<UL><LI> atts_patch.o(.constdata)
</UL>
<P><STRONG><a name="[ce]"></a>atts_find_info_req</STRONG> (Thumb, 0 bytes, Stack size 0 bytes, rom_symbol.txt(ABSOLUTE), UNUSED)
<BR>[Address Reference Count : 1]<UL><LI> atts_patch.o(.constdata)
</UL>
<P><STRONG><a name="[180]"></a>atts_get_att_chk_perm</STRONG> (Thumb, 0 bytes, Stack size 0 bytes, rom_symbol.txt(ABSOLUTE))
<BR><BR>[Called By]<UL><LI><a href="#[d4]">&gt;&gt;</a>&nbsp;&nbsp;&nbsp;atts_read_mult_req_patch (via Veneer)
</UL>

<P><STRONG><a name="[181]"></a>atts_get_value</STRONG> (Thumb, 0 bytes, Stack size 0 bytes, rom_symbol.txt(ABSOLUTE))
<BR><BR>[Called By]<UL><LI><a href="#[d4]">&gt;&gt;</a>&nbsp;&nbsp;&nbsp;atts_read_mult_req_patch (via Veneer)
</UL>

<P><STRONG><a name="[17a]"></a>atts_hdl_value_cfm</STRONG> (Thumb, 0 bytes, Stack size 0 bytes, rom_symbol.txt(ABSOLUTE))
<BR><BR>[Called By]<UL><LI><a href="#[179]">&gt;&gt;</a>&nbsp;&nbsp;&nbsp;atts_l2cc_pdu_recv_handler_patch (via Veneer)
</UL>

<P><STRONG><a name="[cd]"></a>atts_mtu_exc_req</STRONG> (Thumb, 0 bytes, Stack size 0 bytes, rom_symbol.txt(ABSOLUTE), UNUSED)
<BR>[Address Reference Count : 1]<UL><LI> atts_patch.o(.constdata)
</UL>
<P><STRONG><a name="[d8]"></a>atts_prepare_write_req</STRONG> (Thumb, 0 bytes, Stack size 0 bytes, rom_symbol.txt(ABSOLUTE), UNUSED)
<BR>[Address Reference Count : 1]<UL><LI> atts_patch.o(.constdata)
</UL>
<P><STRONG><a name="[17d]"></a>atts_process_pdu</STRONG> (Thumb, 0 bytes, Stack size 0 bytes, rom_symbol.txt(ABSOLUTE))
<BR><BR>[Called By]<UL><LI><a href="#[179]">&gt;&gt;</a>&nbsp;&nbsp;&nbsp;atts_l2cc_pdu_recv_handler_patch (via Veneer)
</UL>

<P><STRONG><a name="[d3]"></a>atts_read_blob_req</STRONG> (Thumb, 0 bytes, Stack size 0 bytes, rom_symbol.txt(ABSOLUTE), UNUSED)
<BR>[Address Reference Count : 1]<UL><LI> atts_patch.o(.constdata)
</UL>
<P><STRONG><a name="[d1]"></a>atts_read_by_grp_type_req</STRONG> (Thumb, 0 bytes, Stack size 0 bytes, rom_symbol.txt(ABSOLUTE), UNUSED)
<BR>[Address Reference Count : 1]<UL><LI> atts_patch.o(.constdata)
</UL>
<P><STRONG><a name="[d0]"></a>atts_read_by_type_req</STRONG> (Thumb, 0 bytes, Stack size 0 bytes, rom_symbol.txt(ABSOLUTE), UNUSED)
<BR>[Address Reference Count : 1]<UL><LI> atts_patch.o(.constdata)
</UL>
<P><STRONG><a name="[d2]"></a>atts_read_req</STRONG> (Thumb, 0 bytes, Stack size 0 bytes, rom_symbol.txt(ABSOLUTE), UNUSED)
<BR>[Address Reference Count : 1]<UL><LI> atts_patch.o(.constdata)
</UL>
<P><STRONG><a name="[186]"></a>atts_send_error</STRONG> (Thumb, 0 bytes, Stack size 0 bytes, rom_symbol.txt(ABSOLUTE))
<BR><BR>[Called By]<UL><LI><a href="#[d4]">&gt;&gt;</a>&nbsp;&nbsp;&nbsp;atts_read_mult_req_patch (via Veneer)
</UL>

<P><STRONG><a name="[185]"></a>atts_send_pdu</STRONG> (Thumb, 0 bytes, Stack size 0 bytes, rom_symbol.txt(ABSOLUTE))
<BR><BR>[Called By]<UL><LI><a href="#[d4]">&gt;&gt;</a>&nbsp;&nbsp;&nbsp;atts_read_mult_req_patch (via Veneer)
</UL>

<P><STRONG><a name="[d5]"></a>atts_write_cmd</STRONG> (Thumb, 0 bytes, Stack size 0 bytes, rom_symbol.txt(ABSOLUTE), UNUSED)
<BR>[Address Reference Count : 1]<UL><LI> atts_patch.o(.constdata)
</UL>
<P><STRONG><a name="[d6]"></a>atts_write_req</STRONG> (Thumb, 0 bytes, Stack size 0 bytes, rom_symbol.txt(ABSOLUTE), UNUSED)
<BR>[Address Reference Count : 1]<UL><LI> atts_patch.o(.constdata)
</UL>
<P><STRONG><a name="[d7]"></a>atts_write_signed</STRONG> (Thumb, 0 bytes, Stack size 0 bytes, rom_symbol.txt(ABSOLUTE), UNUSED)
<BR>[Address Reference Count : 1]<UL><LI> atts_patch.o(.constdata)
</UL>
<P><STRONG><a name="[3df]"></a>ble_get_role_and_cs_idx_from_et</STRONG> (Thumb, 0 bytes, Stack size 0 bytes, rom_symbol.txt(ABSOLUTE))
<BR><BR>[Called By]<UL><LI><a href="#[bd]">&gt;&gt;</a>&nbsp;&nbsp;&nbsp;sch_prog_activity_isr_patch
</UL>

<P><STRONG><a name="[2b6]"></a>ble_util_buf_acl_tx_free</STRONG> (Thumb, 0 bytes, Stack size 0 bytes, rom_symbol.txt(ABSOLUTE))
<BR><BR>[Called By]<UL><LI><a href="#[c8]">&gt;&gt;</a>&nbsp;&nbsp;&nbsp;hci_send_2_controller_patch (via Veneer)
</UL>

<P><STRONG><a name="[322]"></a>ble_util_buf_adv_tx_free</STRONG> (Thumb, 0 bytes, Stack size 0 bytes, rom_symbol.txt(ABSOLUTE))
<BR><BR>[Called By]<UL><LI><a href="#[30a]">&gt;&gt;</a>&nbsp;&nbsp;&nbsp;lld_try_to_free_old_buffer (via Veneer)
</UL>

<P><STRONG><a name="[301]"></a>ble_util_buf_rx_free</STRONG> (Thumb, 0 bytes, Stack size 0 bytes, rom_symbol.txt(ABSOLUTE))
<BR><BR>[Called By]<UL><LI><a href="#[a]">&gt;&gt;</a>&nbsp;&nbsp;&nbsp;lld_llcp_rx_ind_handler_patch (via Veneer)
<LI><a href="#[c]">&gt;&gt;</a>&nbsp;&nbsp;&nbsp;lld_acl_rx_ind_handler_patch (via Veneer)
</UL>

<P><STRONG><a name="[2a0]"></a>co_bdaddr_compare</STRONG> (Thumb, 0 bytes, Stack size 0 bytes, rom_symbol.txt(ABSOLUTE))
<BR><BR>[Called By]<UL><LI><a href="#[25]">&gt;&gt;</a>&nbsp;&nbsp;&nbsp;hci_le_set_ext_scan_en_cmd_handler_patch (via Veneer)
<LI><a href="#[23]">&gt;&gt;</a>&nbsp;&nbsp;&nbsp;hci_le_ext_create_con_cmd_handler_patch (via Veneer)
</UL>

<P><STRONG><a name="[320]"></a>co_list_extract</STRONG> (Thumb, 0 bytes, Stack size 0 bytes, rom_symbol.txt(ABSOLUTE))
<BR><BR>[Called By]<UL><LI><a href="#[315]">&gt;&gt;</a>&nbsp;&nbsp;&nbsp;lld_scan_discard_last_rx_buff (via Veneer)
</UL>

<P><STRONG><a name="[31f]"></a>co_list_find</STRONG> (Thumb, 0 bytes, Stack size 0 bytes, rom_symbol.txt(ABSOLUTE))
<BR><BR>[Called By]<UL><LI><a href="#[315]">&gt;&gt;</a>&nbsp;&nbsp;&nbsp;lld_scan_discard_last_rx_buff (via Veneer)
<LI><a href="#[3d6]">&gt;&gt;</a>&nbsp;&nbsp;&nbsp;lp_cali_watch_alarm_start
</UL>

<P><STRONG><a name="[2c1]"></a>co_list_pop_front</STRONG> (Thumb, 0 bytes, Stack size 0 bytes, rom_symbol.txt(ABSOLUTE))
<BR><BR>[Called By]<UL><LI><a href="#[cc]">&gt;&gt;</a>&nbsp;&nbsp;&nbsp;ke_task_schedule_patch (via Veneer)
<LI><a href="#[bb]">&gt;&gt;</a>&nbsp;&nbsp;&nbsp;sch_arb_event_start_isr_patch
</UL>

<P><STRONG><a name="[17c]"></a>co_list_push_back</STRONG> (Thumb, 0 bytes, Stack size 0 bytes, rom_symbol.txt(ABSOLUTE))
<BR><BR>[Called By]<UL><LI><a href="#[179]">&gt;&gt;</a>&nbsp;&nbsp;&nbsp;atts_l2cc_pdu_recv_handler_patch (via Veneer)
<LI><a href="#[cc]">&gt;&gt;</a>&nbsp;&nbsp;&nbsp;ke_task_schedule_patch (via Veneer)
<LI><a href="#[d4]">&gt;&gt;</a>&nbsp;&nbsp;&nbsp;atts_read_mult_req_patch (via Veneer)
<LI><a href="#[bb]">&gt;&gt;</a>&nbsp;&nbsp;&nbsp;sch_arb_event_start_isr_patch
</UL>

<P><STRONG><a name="[17e]"></a>co_list_size</STRONG> (Thumb, 0 bytes, Stack size 0 bytes, rom_symbol.txt(ABSOLUTE))
<BR><BR>[Called By]<UL><LI><a href="#[d4]">&gt;&gt;</a>&nbsp;&nbsp;&nbsp;atts_read_mult_req_patch (via Veneer)
</UL>

<P><STRONG><a name="[15e]"></a>dbg_log_printf</STRONG> (Thumb, 0 bytes, Stack size 0 bytes, rom_symbol.txt(ABSOLUTE))
<BR><BR>[Called By]<UL><LI><a href="#[18]">&gt;&gt;</a>&nbsp;&nbsp;&nbsp;sec_rcv_sec_req_ind_handler_patch (via Veneer)
<LI><a href="#[1a]">&gt;&gt;</a>&nbsp;&nbsp;&nbsp;sec_rcv_encrypt_req_ind_handler_patch (via Veneer)
<LI><a href="#[7]">&gt;&gt;</a>&nbsp;&nbsp;&nbsp;l2cc_pdu_recv_ind_handler_patch (via Veneer)
<LI><a href="#[17]">&gt;&gt;</a>&nbsp;&nbsp;&nbsp;gap_disconnect_ind_handler_patch (via Veneer)
<LI><a href="#[16]">&gt;&gt;</a>&nbsp;&nbsp;&nbsp;gap_connection_req_ind_handler_patch (via Veneer)
<LI><a href="#[19]">&gt;&gt;</a>&nbsp;&nbsp;&nbsp;gap_cmp_evt_handler_patch (via Veneer)
<LI><a href="#[2]">&gt;&gt;</a>&nbsp;&nbsp;&nbsp;gap_activity_stopped_ind_handler_patch (via Veneer)
<LI><a href="#[1c]">&gt;&gt;</a>&nbsp;&nbsp;&nbsp;ble_sdk_gatts_svc_changed_cfg_ind_handler_patch (via Veneer)
<LI><a href="#[179]">&gt;&gt;</a>&nbsp;&nbsp;&nbsp;atts_l2cc_pdu_recv_handler_patch (via Veneer)
<LI><a href="#[18f]">&gt;&gt;</a>&nbsp;&nbsp;&nbsp;nvds_put (via Veneer)
<LI><a href="#[1c5]">&gt;&gt;</a>&nbsp;&nbsp;&nbsp;gatt_find_item_patch (via Veneer)
<LI><a href="#[21f]">&gt;&gt;</a>&nbsp;&nbsp;&nbsp;gatt_on_connection_func_patch (via Veneer)
<LI><a href="#[228]">&gt;&gt;</a>&nbsp;&nbsp;&nbsp;init_ltk_list (via Veneer)
<LI><a href="#[75]">&gt;&gt;</a>&nbsp;&nbsp;&nbsp;gap_init_fsm_next_func_patch (via Veneer)
<LI><a href="#[1c8]">&gt;&gt;</a>&nbsp;&nbsp;&nbsp;sec_check_conn_bond_patch (via Veneer)
<LI><a href="#[80]">&gt;&gt;</a>&nbsp;&nbsp;&nbsp;gapm_adv_check_param_func_patch (via Veneer)
<LI><a href="#[c1]">&gt;&gt;</a>&nbsp;&nbsp;&nbsp;smpc_handle_enc_change_evt_func_patch (via Veneer)
<LI><a href="#[15c]">&gt;&gt;</a>&nbsp;&nbsp;&nbsp;add_ltk_item (via Veneer)
<LI><a href="#[85]">&gt;&gt;</a>&nbsp;&nbsp;&nbsp;gatt_on_disconnection_func_patch (via Veneer)
<LI><a href="#[255]">&gt;&gt;</a>&nbsp;&nbsp;&nbsp;gatt_remove_item_patch (via Veneer)
<LI><a href="#[175]">&gt;&gt;</a>&nbsp;&nbsp;&nbsp;write_item (via Veneer)
<LI><a href="#[1f2]">&gt;&gt;</a>&nbsp;&nbsp;&nbsp;write_compacted_items (via Veneer)
<LI><a href="#[32a]">&gt;&gt;</a>&nbsp;&nbsp;&nbsp;replace_item (via Veneer)
<LI><a href="#[174]">&gt;&gt;</a>&nbsp;&nbsp;&nbsp;compact_nvds (via Veneer)
<LI><a href="#[172]">&gt;&gt;</a>&nbsp;&nbsp;&nbsp;append_item (via Veneer)
<LI><a href="#[d4]">&gt;&gt;</a>&nbsp;&nbsp;&nbsp;atts_read_mult_req_patch (via Veneer)
<LI><a href="#[bf]">&gt;&gt;</a>&nbsp;&nbsp;&nbsp;gattc_write_req_ind_handler_patch (via Veneer)
</UL>

<P><STRONG><a name="[3aa]"></a>exflash_check_id</STRONG> (Thumb, 0 bytes, Stack size 0 bytes, rom_symbol.txt(ABSOLUTE))
<BR><BR>[Called By]<UL><LI><a href="#[39b]">&gt;&gt;</a>&nbsp;&nbsp;&nbsp;hal_exflash_read_patch
<LI><a href="#[c9]">&gt;&gt;</a>&nbsp;&nbsp;&nbsp;hal_exflash_write
<LI><a href="#[ca]">&gt;&gt;</a>&nbsp;&nbsp;&nbsp;hal_exflash_erase
<LI><a href="#[338]">&gt;&gt;</a>&nbsp;&nbsp;&nbsp;platform_exflash_enable_quad
<LI><a href="#[3ae]">&gt;&gt;</a>&nbsp;&nbsp;&nbsp;hal_exflash_init_patch
<LI><a href="#[3a6]">&gt;&gt;</a>&nbsp;&nbsp;&nbsp;hal_exflash_warm_init
</UL>

<P><STRONG><a name="[3b1]"></a>exflash_deepsleep</STRONG> (Thumb, 0 bytes, Stack size 0 bytes, rom_symbol.txt(ABSOLUTE))
<BR><BR>[Called By]<UL><LI><a href="#[39b]">&gt;&gt;</a>&nbsp;&nbsp;&nbsp;hal_exflash_read_patch
<LI><a href="#[c9]">&gt;&gt;</a>&nbsp;&nbsp;&nbsp;hal_exflash_write
<LI><a href="#[ca]">&gt;&gt;</a>&nbsp;&nbsp;&nbsp;hal_exflash_erase
<LI><a href="#[338]">&gt;&gt;</a>&nbsp;&nbsp;&nbsp;platform_exflash_enable_quad
<LI><a href="#[3ae]">&gt;&gt;</a>&nbsp;&nbsp;&nbsp;hal_exflash_init_patch
<LI><a href="#[3fc]">&gt;&gt;</a>&nbsp;&nbsp;&nbsp;hal_exflash_deepsleep_patch
</UL>

<P><STRONG><a name="[3b0]"></a>exflash_enable_quad</STRONG> (Thumb, 0 bytes, Stack size 0 bytes, rom_symbol.txt(ABSOLUTE), UNUSED)
<BR><BR>[Called By]<UL><LI><a href="#[3ae]">&gt;&gt;</a>&nbsp;&nbsp;&nbsp;hal_exflash_init_patch
</UL>

<P><STRONG><a name="[3c9]"></a>exflash_enable_write</STRONG> (Thumb, 0 bytes, Stack size 0 bytes, rom_symbol.txt(ABSOLUTE))
<BR><BR>[Called By]<UL><LI><a href="#[3ca]">&gt;&gt;</a>&nbsp;&nbsp;&nbsp;enable_quad_mode1
<LI><a href="#[3c8]">&gt;&gt;</a>&nbsp;&nbsp;&nbsp;enable_quad_mode2
</UL>

<P><STRONG><a name="[3fa]"></a>exflash_erase_chip</STRONG> (Thumb, 0 bytes, Stack size 0 bytes, rom_symbol.txt(ABSOLUTE))
<BR><BR>[Called By]<UL><LI><a href="#[ca]">&gt;&gt;</a>&nbsp;&nbsp;&nbsp;hal_exflash_erase
</UL>

<P><STRONG><a name="[3fb]"></a>exflash_erase_sector</STRONG> (Thumb, 0 bytes, Stack size 0 bytes, rom_symbol.txt(ABSOLUTE))
<BR><BR>[Called By]<UL><LI><a href="#[ca]">&gt;&gt;</a>&nbsp;&nbsp;&nbsp;hal_exflash_erase
</UL>

<P><STRONG><a name="[3f9]"></a>exflash_page_program</STRONG> (Thumb, 0 bytes, Stack size 0 bytes, rom_symbol.txt(ABSOLUTE))
<BR><BR>[Called By]<UL><LI><a href="#[c9]">&gt;&gt;</a>&nbsp;&nbsp;&nbsp;hal_exflash_write
</UL>

<P><STRONG><a name="[3ff]"></a>exflash_resume</STRONG> (Thumb, 0 bytes, Stack size 0 bytes, rom_symbol.txt(ABSOLUTE))
<BR><BR>[Called By]<UL><LI><a href="#[3d2]">&gt;&gt;</a>&nbsp;&nbsp;&nbsp;hal_exflash_resume
</UL>

<P><STRONG><a name="[3fe]"></a>exflash_suspend</STRONG> (Thumb, 0 bytes, Stack size 0 bytes, rom_symbol.txt(ABSOLUTE))
<BR><BR>[Called By]<UL><LI><a href="#[3d0]">&gt;&gt;</a>&nbsp;&nbsp;&nbsp;hal_exflash_suspend
</UL>

<P><STRONG><a name="[3c7]"></a>exflash_wait_busy</STRONG> (Thumb, 0 bytes, Stack size 0 bytes, rom_symbol.txt(ABSOLUTE))
<BR><BR>[Called By]<UL><LI><a href="#[3ca]">&gt;&gt;</a>&nbsp;&nbsp;&nbsp;enable_quad_mode1
<LI><a href="#[3c8]">&gt;&gt;</a>&nbsp;&nbsp;&nbsp;enable_quad_mode2
<LI><a href="#[3c5]">&gt;&gt;</a>&nbsp;&nbsp;&nbsp;enable_quad_xmc
</UL>

<P><STRONG><a name="[3a8]"></a>exflash_wakeup</STRONG> (Thumb, 0 bytes, Stack size 0 bytes, rom_symbol.txt(ABSOLUTE))
<BR><BR>[Called By]<UL><LI><a href="#[39b]">&gt;&gt;</a>&nbsp;&nbsp;&nbsp;hal_exflash_read_patch
<LI><a href="#[c9]">&gt;&gt;</a>&nbsp;&nbsp;&nbsp;hal_exflash_write
<LI><a href="#[ca]">&gt;&gt;</a>&nbsp;&nbsp;&nbsp;hal_exflash_erase
<LI><a href="#[338]">&gt;&gt;</a>&nbsp;&nbsp;&nbsp;platform_exflash_enable_quad
<LI><a href="#[3ae]">&gt;&gt;</a>&nbsp;&nbsp;&nbsp;hal_exflash_init_patch
<LI><a href="#[3a6]">&gt;&gt;</a>&nbsp;&nbsp;&nbsp;hal_exflash_warm_init
<LI><a href="#[3fd]">&gt;&gt;</a>&nbsp;&nbsp;&nbsp;hal_exflash_wakeup_patch
</UL>

<P><STRONG><a name="[3cc]"></a>exflash_write_status</STRONG> (Thumb, 0 bytes, Stack size 0 bytes, rom_symbol.txt(ABSOLUTE))
<BR><BR>[Called By]<UL><LI><a href="#[3cb]">&gt;&gt;</a>&nbsp;&nbsp;&nbsp;enable_quad_mode0
</UL>

<P><STRONG><a name="[421]"></a>force_dpad_le_high</STRONG> (Thumb, 0 bytes, Stack size 0 bytes, rom_symbol.txt(ABSOLUTE))
<BR><BR>[Called By]<UL><LI><a href="#[aa]">&gt;&gt;</a>&nbsp;&nbsp;&nbsp;sys_context_restore_func
</UL>

<P><STRONG><a name="[2a6]"></a>gapc_get_conidx</STRONG> (Thumb, 0 bytes, Stack size 0 bytes, rom_symbol.txt(ABSOLUTE))
<BR><BR>[Called By]<UL><LI><a href="#[14]">&gt;&gt;</a>&nbsp;&nbsp;&nbsp;hci_nb_cmp_pkts_evt_handler_patch (via Veneer)
<LI><a href="#[238]">&gt;&gt;</a>&nbsp;&nbsp;&nbsp;hci_le_ltk_request_evt_handler_patch (via Veneer)
</UL>

<P><STRONG><a name="[384]"></a>gapc_get_dest_task</STRONG> (Thumb, 0 bytes, Stack size 0 bytes, rom_symbol.txt(ABSOLUTE))
<BR><BR>[Called By]<UL><LI><a href="#[c1]">&gt;&gt;</a>&nbsp;&nbsp;&nbsp;smpc_handle_enc_change_evt_func_patch (via Veneer)
</UL>

<P><STRONG><a name="[2a7]"></a>gapc_get_operation</STRONG> (Thumb, 0 bytes, Stack size 0 bytes, rom_symbol.txt(ABSOLUTE))
<BR><BR>[Called By]<UL><LI><a href="#[238]">&gt;&gt;</a>&nbsp;&nbsp;&nbsp;hci_le_ltk_request_evt_handler_patch (via Veneer)
<LI><a href="#[c1]">&gt;&gt;</a>&nbsp;&nbsp;&nbsp;smpc_handle_enc_change_evt_func_patch (via Veneer)
</UL>

<P><STRONG><a name="[385]"></a>gapc_link_encrypted</STRONG> (Thumb, 0 bytes, Stack size 0 bytes, rom_symbol.txt(ABSOLUTE))
<BR><BR>[Called By]<UL><LI><a href="#[c1]">&gt;&gt;</a>&nbsp;&nbsp;&nbsp;smpc_handle_enc_change_evt_func_patch (via Veneer)
</UL>

<P><STRONG><a name="[383]"></a>gapc_send_complete_evt</STRONG> (Thumb, 0 bytes, Stack size 0 bytes, rom_symbol.txt(ABSOLUTE))
<BR><BR>[Called By]<UL><LI><a href="#[c1]">&gt;&gt;</a>&nbsp;&nbsp;&nbsp;smpc_handle_enc_change_evt_func_patch (via Veneer)
</UL>

<P><STRONG><a name="[246]"></a>gapc_set_local_addr</STRONG> (Thumb, 0 bytes, Stack size 0 bytes, rom_symbol.txt(ABSOLUTE))
<BR><BR>[Called By]<UL><LI><a href="#[84]">&gt;&gt;</a>&nbsp;&nbsp;&nbsp;gapm_init_connection_ind_func_patch (via Veneer)
</UL>

<P><STRONG><a name="[382]"></a>gapc_update_state</STRONG> (Thumb, 0 bytes, Stack size 0 bytes, rom_symbol.txt(ABSOLUTE))
<BR><BR>[Called By]<UL><LI><a href="#[c1]">&gt;&gt;</a>&nbsp;&nbsp;&nbsp;smpc_handle_enc_change_evt_func_patch (via Veneer)
</UL>

<P><STRONG><a name="[24d]"></a>gapm_actv_alloc</STRONG> (Thumb, 0 bytes, Stack size 0 bytes, rom_symbol.txt(ABSOLUTE))
<BR><BR>[Called By]<UL><LI><a href="#[23f]">&gt;&gt;</a>&nbsp;&nbsp;&nbsp;gapm_init_create_patch
</UL>

<P><STRONG><a name="[23a]"></a>gapm_actv_check_create_param</STRONG> (Thumb, 0 bytes, Stack size 0 bytes, rom_symbol.txt(ABSOLUTE))
<BR><BR>[Called By]<UL><LI><a href="#[1e]">&gt;&gt;</a>&nbsp;&nbsp;&nbsp;gapm_activity_create_cmd_handler_patch
</UL>

<P><STRONG><a name="[24f]"></a>gapm_actv_created</STRONG> (Thumb, 0 bytes, Stack size 0 bytes, rom_symbol.txt(ABSOLUTE))
<BR><BR>[Called By]<UL><LI><a href="#[23f]">&gt;&gt;</a>&nbsp;&nbsp;&nbsp;gapm_init_create_patch
</UL>

<P><STRONG><a name="[23b]"></a>gapm_actv_get_free_idx</STRONG> (Thumb, 0 bytes, Stack size 0 bytes, rom_symbol.txt(ABSOLUTE))
<BR><BR>[Called By]<UL><LI><a href="#[1e]">&gt;&gt;</a>&nbsp;&nbsp;&nbsp;gapm_activity_create_cmd_handler_patch
</UL>

<P><STRONG><a name="[298]"></a>gapm_actv_retrieve_cmd_cmp_evt</STRONG> (Thumb, 0 bytes, Stack size 0 bytes, rom_symbol.txt(ABSOLUTE))
<BR><BR>[Called By]<UL><LI><a href="#[26]">&gt;&gt;</a>&nbsp;&nbsp;&nbsp;hci_le_cmd_cmp_evt_init_handler_patch
</UL>

<P><STRONG><a name="[2bc]"></a>gapm_actv_started</STRONG> (Thumb, 0 bytes, Stack size 0 bytes, rom_symbol.txt(ABSOLUTE))
<BR><BR>[Called By]<UL><LI><a href="#[299]">&gt;&gt;</a>&nbsp;&nbsp;&nbsp;init_hci_le_cmd_cmp_evt_starting_handler_patch
</UL>

<P><STRONG><a name="[23c]"></a>gapm_adv_create</STRONG> (Thumb, 0 bytes, Stack size 0 bytes, rom_symbol.txt(ABSOLUTE))
<BR><BR>[Called By]<UL><LI><a href="#[1e]">&gt;&gt;</a>&nbsp;&nbsp;&nbsp;gapm_activity_create_cmd_handler_patch
</UL>

<P><STRONG><a name="[245]"></a>gapm_get_address_type</STRONG> (Thumb, 0 bytes, Stack size 0 bytes, rom_symbol.txt(ABSOLUTE))
<BR><BR>[Called By]<UL><LI><a href="#[23f]">&gt;&gt;</a>&nbsp;&nbsp;&nbsp;gapm_init_create_patch
<LI><a href="#[84]">&gt;&gt;</a>&nbsp;&nbsp;&nbsp;gapm_init_connection_ind_func_patch
</UL>

<P><STRONG><a name="[240]"></a>gapm_get_att_handle</STRONG> (Thumb, 0 bytes, Stack size 0 bytes, rom_symbol.txt(ABSOLUTE))
<BR><BR>[Called By]<UL><LI><a href="#[1]">&gt;&gt;</a>&nbsp;&nbsp;&nbsp;gapm_cmp_evt_handler_patch
</UL>

<P><STRONG><a name="[24e]"></a>gapm_get_requester</STRONG> (Thumb, 0 bytes, Stack size 0 bytes, rom_symbol.txt(ABSOLUTE))
<BR><BR>[Called By]<UL><LI><a href="#[23f]">&gt;&gt;</a>&nbsp;&nbsp;&nbsp;gapm_init_create_patch
</UL>

<P><STRONG><a name="[250]"></a>gapm_init_check_param</STRONG> (Thumb, 0 bytes, Stack size 0 bytes, rom_symbol.txt(ABSOLUTE))
<BR><BR>[Called By]<UL><LI><a href="#[81]">&gt;&gt;</a>&nbsp;&nbsp;&nbsp;gapm_init_start_patch
</UL>

<P><STRONG><a name="[83]"></a>gapm_init_delete</STRONG> (Thumb, 0 bytes, Stack size 0 bytes, rom_symbol.txt(ABSOLUTE), UNUSED)
<BR>[Address Reference Count : 1]<UL><LI> gapm_init_patch.o(i.gapm_init_create_patch)
</UL>
<P><STRONG><a name="[252]"></a>gapm_init_send_hci_le_create_con_cancel_cmd</STRONG> (Thumb, 0 bytes, Stack size 0 bytes, rom_symbol.txt(ABSOLUTE))
<BR><BR>[Called By]<UL><LI><a href="#[82]">&gt;&gt;</a>&nbsp;&nbsp;&nbsp;gapm_init_stop_patch
</UL>

<P><STRONG><a name="[24a]"></a>gapm_init_send_hci_le_ext_create_con_cmd</STRONG> (Thumb, 0 bytes, Stack size 0 bytes, rom_symbol.txt(ABSOLUTE))
<BR><BR>[Called By]<UL><LI><a href="#[81]">&gt;&gt;</a>&nbsp;&nbsp;&nbsp;gapm_init_start_patch
<LI><a href="#[84]">&gt;&gt;</a>&nbsp;&nbsp;&nbsp;gapm_init_connection_ind_func_patch
</UL>

<P><STRONG><a name="[24b]"></a>gapm_init_stopped</STRONG> (Thumb, 0 bytes, Stack size 0 bytes, rom_symbol.txt(ABSOLUTE))
<BR><BR>[Called By]<UL><LI><a href="#[84]">&gt;&gt;</a>&nbsp;&nbsp;&nbsp;gapm_init_connection_ind_func_patch
<LI><a href="#[299]">&gt;&gt;</a>&nbsp;&nbsp;&nbsp;init_hci_le_cmd_cmp_evt_starting_handler_patch
</UL>

<P><STRONG><a name="[24c]"></a>gapm_is_addr_type_valid</STRONG> (Thumb, 0 bytes, Stack size 0 bytes, rom_symbol.txt(ABSOLUTE))
<BR><BR>[Called By]<UL><LI><a href="#[23f]">&gt;&gt;</a>&nbsp;&nbsp;&nbsp;gapm_init_create_patch
</UL>

<P><STRONG><a name="[23e]"></a>gapm_per_sync_create</STRONG> (Thumb, 0 bytes, Stack size 0 bytes, rom_symbol.txt(ABSOLUTE))
<BR><BR>[Called By]<UL><LI><a href="#[1e]">&gt;&gt;</a>&nbsp;&nbsp;&nbsp;gapm_activity_create_cmd_handler_patch
</UL>

<P><STRONG><a name="[239]"></a>gapm_process_op</STRONG> (Thumb, 0 bytes, Stack size 0 bytes, rom_symbol.txt(ABSOLUTE))
<BR><BR>[Called By]<UL><LI><a href="#[1e]">&gt;&gt;</a>&nbsp;&nbsp;&nbsp;gapm_activity_create_cmd_handler_patch
</UL>

<P><STRONG><a name="[23d]"></a>gapm_scan_create</STRONG> (Thumb, 0 bytes, Stack size 0 bytes, rom_symbol.txt(ABSOLUTE))
<BR><BR>[Called By]<UL><LI><a href="#[1e]">&gt;&gt;</a>&nbsp;&nbsp;&nbsp;gapm_activity_create_cmd_handler_patch
</UL>

<P><STRONG><a name="[17f]"></a>gattc_get_mtu</STRONG> (Thumb, 0 bytes, Stack size 0 bytes, rom_symbol.txt(ABSOLUTE))
<BR><BR>[Called By]<UL><LI><a href="#[d4]">&gt;&gt;</a>&nbsp;&nbsp;&nbsp;atts_read_mult_req_patch
</UL>

<P><STRONG><a name="[268]"></a>hal_adc_register_callback</STRONG> (Thumb, 0 bytes, Stack size 0 bytes, rom_symbol.txt(ABSOLUTE))
<BR><BR>[Called By]<UL><LI><a href="#[114]">&gt;&gt;</a>&nbsp;&nbsp;&nbsp;hal_adc_init
<LI><a href="#[113]">&gt;&gt;</a>&nbsp;&nbsp;&nbsp;hal_adc_deinit
</UL>

<P><STRONG><a name="[138]"></a>hal_aon_gpio_read_pin</STRONG> (Thumb, 0 bytes, Stack size 0 bytes, rom_symbol.txt(ABSOLUTE))
<BR><BR>[Called By]<UL><LI><a href="#[137]">&gt;&gt;</a>&nbsp;&nbsp;&nbsp;LeadDetect
</UL>

<P><STRONG><a name="[274]"></a>hal_aon_gpio_register_callback</STRONG> (Thumb, 0 bytes, Stack size 0 bytes, rom_symbol.txt(ABSOLUTE))
<BR><BR>[Called By]<UL><LI><a href="#[111]">&gt;&gt;</a>&nbsp;&nbsp;&nbsp;hal_aon_gpio_init
</UL>

<P><STRONG><a name="[11d]"></a>hal_dma_irq_handler</STRONG> (Thumb, 0 bytes, Stack size 0 bytes, rom_symbol.txt(ABSOLUTE))
<BR><BR>[Called By]<UL><LI><a href="#[4a]">&gt;&gt;</a>&nbsp;&nbsp;&nbsp;DMA_IRQHandler
</UL>

<P><STRONG><a name="[273]"></a>hal_dma_start_it</STRONG> (Thumb, 0 bytes, Stack size 0 bytes, rom_symbol.txt(ABSOLUTE))
<BR><BR>[Called By]<UL><LI><a href="#[107]">&gt;&gt;</a>&nbsp;&nbsp;&nbsp;hal_adc_start_dma
</UL>

<P><STRONG><a name="[38c]"></a>hal_efuse_read</STRONG> (Thumb, 0 bytes, Stack size 0 bytes, rom_symbol.txt(ABSOLUTE))
<BR><BR>[Called By]<UL><LI><a href="#[2bb]">&gt;&gt;</a>&nbsp;&nbsp;&nbsp;sys_get_efuse_io_ldo
<LI><a href="#[388]">&gt;&gt;</a>&nbsp;&nbsp;&nbsp;sys_efuse_info_sync
</UL>

<P><STRONG><a name="[27c]"></a>hal_exflash_init_ext</STRONG> (Thumb, 0 bytes, Stack size 0 bytes, rom_symbol.txt(ABSOLUTE))
<BR><BR>[Called By]<UL><LI><a href="#[27a]">&gt;&gt;</a>&nbsp;&nbsp;&nbsp;hal_flash_init
</UL>

<P><STRONG><a name="[3af]"></a>hal_exflash_msp_init</STRONG> (Thumb, 0 bytes, Stack size 0 bytes, rom_symbol.txt(ABSOLUTE), UNUSED)
<BR><BR>[Called By]<UL><LI><a href="#[3ae]">&gt;&gt;</a>&nbsp;&nbsp;&nbsp;hal_exflash_init_patch
</UL>

<P><STRONG><a name="[3a7]"></a>hal_exflash_set_retry</STRONG> (Thumb, 0 bytes, Stack size 0 bytes, rom_symbol.txt(ABSOLUTE))
<BR><BR>[Called By]<UL><LI><a href="#[3ae]">&gt;&gt;</a>&nbsp;&nbsp;&nbsp;hal_exflash_init_patch
<LI><a href="#[3a6]">&gt;&gt;</a>&nbsp;&nbsp;&nbsp;hal_exflash_warm_init
</UL>

<P><STRONG><a name="[27f]"></a>hal_gpio_init_ext</STRONG> (Thumb, 0 bytes, Stack size 0 bytes, rom_symbol.txt(ABSOLUTE))
<BR><BR>[Called By]<UL><LI><a href="#[10f]">&gt;&gt;</a>&nbsp;&nbsp;&nbsp;hal_gpio_init
</UL>

<P><STRONG><a name="[27e]"></a>hal_gpio_register_callback</STRONG> (Thumb, 0 bytes, Stack size 0 bytes, rom_symbol.txt(ABSOLUTE))
<BR><BR>[Called By]<UL><LI><a href="#[10f]">&gt;&gt;</a>&nbsp;&nbsp;&nbsp;hal_gpio_init
</UL>

<P><STRONG><a name="[136]"></a>hal_gpio_toggle_pin</STRONG> (Thumb, 0 bytes, Stack size 0 bytes, rom_symbol.txt(ABSOLUTE))
<BR><BR>[Called By]<UL><LI><a href="#[135]">&gt;&gt;</a>&nbsp;&nbsp;&nbsp;LEDFlicker
</UL>

<P><STRONG><a name="[110]"></a>hal_gpio_write_pin</STRONG> (Thumb, 0 bytes, Stack size 0 bytes, rom_symbol.txt(ABSOLUTE))
<BR><BR>[Called By]<UL><LI><a href="#[10e]">&gt;&gt;</a>&nbsp;&nbsp;&nbsp;ConfigAD8233GPIO
<LI><a href="#[ec]">&gt;&gt;</a>&nbsp;&nbsp;&nbsp;ConfigLEDGPIO
</UL>

<P><STRONG><a name="[11a]"></a>hal_nvic_enable_irq</STRONG> (Thumb, 0 bytes, Stack size 0 bytes, rom_symbol.txt(ABSOLUTE))
<BR><BR>[Called By]<UL><LI><a href="#[34]">&gt;&gt;</a>&nbsp;&nbsp;&nbsp;hal_adc_msp_init
<LI><a href="#[119]">&gt;&gt;</a>&nbsp;&nbsp;&nbsp;ConfigUART
</UL>

<P><STRONG><a name="[43d]"></a>hal_pwr_enter_chip_deepsleep</STRONG> (Thumb, 0 bytes, Stack size 0 bytes, rom_symbol.txt(ABSOLUTE))
<BR><BR>[Called By]<UL><LI><a href="#[ad]">&gt;&gt;</a>&nbsp;&nbsp;&nbsp;pwr_mgmt_shutdown_patch (via Veneer)
</UL>

<P><STRONG><a name="[398]"></a>hal_pwr_sleep_timer_irq_handler</STRONG> (Thumb, 0 bytes, Stack size 0 bytes, rom_symbol.txt(ABSOLUTE))
<BR><BR>[Called By]<UL><LI><a href="#[61]">&gt;&gt;</a>&nbsp;&nbsp;&nbsp;SLPTIMER_IRQHandler
</UL>

<P><STRONG><a name="[117]"></a>hal_timer_base_start_it</STRONG> (Thumb, 0 bytes, Stack size 0 bytes, rom_symbol.txt(ABSOLUTE))
<BR><BR>[Called By]<UL><LI><a href="#[118]">&gt;&gt;</a>&nbsp;&nbsp;&nbsp;ConfigTimer1
<LI><a href="#[115]">&gt;&gt;</a>&nbsp;&nbsp;&nbsp;ConfigTimer0
</UL>

<P><STRONG><a name="[288]"></a>hal_timer_base_init_ext</STRONG> (Thumb, 0 bytes, Stack size 0 bytes, rom_symbol.txt(ABSOLUTE))
<BR><BR>[Called By]<UL><LI><a href="#[116]">&gt;&gt;</a>&nbsp;&nbsp;&nbsp;hal_timer_base_init
</UL>

<P><STRONG><a name="[14b]"></a>hal_timer_irq_handler</STRONG> (Thumb, 0 bytes, Stack size 0 bytes, rom_symbol.txt(ABSOLUTE))
<BR><BR>[Called By]<UL><LI><a href="#[50]">&gt;&gt;</a>&nbsp;&nbsp;&nbsp;TIMER1_IRQHandler
<LI><a href="#[4f]">&gt;&gt;</a>&nbsp;&nbsp;&nbsp;TIMER0_IRQHandler
</UL>

<P><STRONG><a name="[287]"></a>hal_timer_register_callback</STRONG> (Thumb, 0 bytes, Stack size 0 bytes, rom_symbol.txt(ABSOLUTE))
<BR><BR>[Called By]<UL><LI><a href="#[116]">&gt;&gt;</a>&nbsp;&nbsp;&nbsp;hal_timer_base_init
</UL>

<P><STRONG><a name="[28d]"></a>hal_uart_deinit_ext</STRONG> (Thumb, 0 bytes, Stack size 0 bytes, rom_symbol.txt(ABSOLUTE))
<BR><BR>[Called By]<UL><LI><a href="#[11b]">&gt;&gt;</a>&nbsp;&nbsp;&nbsp;hal_uart_deinit
</UL>

<P><STRONG><a name="[28e]"></a>hal_uart_init_ext</STRONG> (Thumb, 0 bytes, Stack size 0 bytes, rom_symbol.txt(ABSOLUTE))
<BR><BR>[Called By]<UL><LI><a href="#[11c]">&gt;&gt;</a>&nbsp;&nbsp;&nbsp;hal_uart_init
</UL>

<P><STRONG><a name="[14c]"></a>hal_uart_irq_handler</STRONG> (Thumb, 0 bytes, Stack size 0 bytes, rom_symbol.txt(ABSOLUTE))
<BR><BR>[Called By]<UL><LI><a href="#[53]">&gt;&gt;</a>&nbsp;&nbsp;&nbsp;UART0_IRQHandler
</UL>

<P><STRONG><a name="[28f]"></a>hal_uart_receive_it</STRONG> (Thumb, 0 bytes, Stack size 0 bytes, rom_symbol.txt(ABSOLUTE))
<BR><BR>[Called By]<UL><LI><a href="#[2f]">&gt;&gt;</a>&nbsp;&nbsp;&nbsp;hal_uart_rx_cplt_callback
</UL>

<P><STRONG><a name="[28c]"></a>hal_uart_register_callback</STRONG> (Thumb, 0 bytes, Stack size 0 bytes, rom_symbol.txt(ABSOLUTE))
<BR><BR>[Called By]<UL><LI><a href="#[11c]">&gt;&gt;</a>&nbsp;&nbsp;&nbsp;hal_uart_init
<LI><a href="#[11b]">&gt;&gt;</a>&nbsp;&nbsp;&nbsp;hal_uart_deinit
</UL>

<P><STRONG><a name="[215]"></a>hal_uart_transmit</STRONG> (Thumb, 0 bytes, Stack size 0 bytes, rom_symbol.txt(ABSOLUTE))
<BR><BR>[Called By]<UL><LI><a href="#[6d]">&gt;&gt;</a>&nbsp;&nbsp;&nbsp;fputc
</UL>

<P><STRONG><a name="[3c4]"></a>hal_xqspi_command_receive</STRONG> (Thumb, 0 bytes, Stack size 0 bytes, rom_symbol.txt(ABSOLUTE))
<BR><BR>[Called By]<UL><LI><a href="#[3c3]">&gt;&gt;</a>&nbsp;&nbsp;&nbsp;enable_quad_stat
<LI><a href="#[3a9]">&gt;&gt;</a>&nbsp;&nbsp;&nbsp;exflash_check_id_patch
</UL>

<P><STRONG><a name="[39c]"></a>hal_xqspi_msp_init</STRONG> (Thumb, 0 bytes, Stack size 0 bytes, rom_symbol.txt(ABSOLUTE))
<BR><BR>[Called By]<UL><LI><a href="#[39a]">&gt;&gt;</a>&nbsp;&nbsp;&nbsp;hal_xqspi_init_ext_patch
</UL>

<P><STRONG><a name="[39d]"></a>hal_xqspi_set_retry</STRONG> (Thumb, 0 bytes, Stack size 0 bytes, rom_symbol.txt(ABSOLUTE))
<BR><BR>[Called By]<UL><LI><a href="#[39a]">&gt;&gt;</a>&nbsp;&nbsp;&nbsp;hal_xqspi_init_ext_patch
</UL>

<P><STRONG><a name="[3c6]"></a>hal_xqspi_transmit</STRONG> (Thumb, 0 bytes, Stack size 0 bytes, rom_symbol.txt(ABSOLUTE))
<BR><BR>[Called By]<UL><LI><a href="#[3ca]">&gt;&gt;</a>&nbsp;&nbsp;&nbsp;enable_quad_mode1
<LI><a href="#[3c8]">&gt;&gt;</a>&nbsp;&nbsp;&nbsp;enable_quad_mode2
<LI><a href="#[3c5]">&gt;&gt;</a>&nbsp;&nbsp;&nbsp;enable_quad_xmc
</UL>

<P><STRONG><a name="[29a]"></a>init_hci_le_cmd_cmp_evt_started_handler</STRONG> (Thumb, 0 bytes, Stack size 0 bytes, rom_symbol.txt(ABSOLUTE))
<BR><BR>[Called By]<UL><LI><a href="#[26]">&gt;&gt;</a>&nbsp;&nbsp;&nbsp;hci_le_cmd_cmp_evt_init_handler_patch
</UL>

<P><STRONG><a name="[29b]"></a>init_hci_le_cmd_cmp_evt_stopping_handler</STRONG> (Thumb, 0 bytes, Stack size 0 bytes, rom_symbol.txt(ABSOLUTE))
<BR><BR>[Called By]<UL><LI><a href="#[26]">&gt;&gt;</a>&nbsp;&nbsp;&nbsp;hci_le_cmd_cmp_evt_init_handler_patch
</UL>

<P><STRONG><a name="[91]"></a>hci_le_con_upd_cmd_handler</STRONG> (Thumb, 0 bytes, Stack size 0 bytes, rom_symbol.txt(ABSOLUTE), UNUSED)
<BR>[Address Reference Count : 1]<UL><LI> llc_hci_patch.o(i.llc_hci_new_handler_find)
</UL>
<P><STRONG><a name="[2b5]"></a>hci_look_for_cmd_desc</STRONG> (Thumb, 0 bytes, Stack size 0 bytes, rom_symbol.txt(ABSOLUTE))
<BR><BR>[Called By]<UL><LI><a href="#[c8]">&gt;&gt;</a>&nbsp;&nbsp;&nbsp;hci_send_2_controller_patch
</UL>

<P><STRONG><a name="[3ac]"></a>jump_app</STRONG> (Thumb, 0 bytes, Stack size 0 bytes, rom_symbol.txt(ABSOLUTE))
<BR><BR>[Called By]<UL><LI><a href="#[3ab]">&gt;&gt;</a>&nbsp;&nbsp;&nbsp;warm_boot_patch
</UL>

<P><STRONG><a name="[2c8]"></a>ke_event_callback_set</STRONG> (Thumb, 0 bytes, Stack size 0 bytes, rom_symbol.txt(ABSOLUTE))
<BR><BR>[Called By]<UL><LI><a href="#[1a4]">&gt;&gt;</a>&nbsp;&nbsp;&nbsp;l2cm_l2cap_tx_handler_replace
</UL>

<P><STRONG><a name="[2c4]"></a>ke_event_clear</STRONG> (Thumb, 0 bytes, Stack size 0 bytes, rom_symbol.txt(ABSOLUTE))
<BR><BR>[Called By]<UL><LI><a href="#[cc]">&gt;&gt;</a>&nbsp;&nbsp;&nbsp;ke_task_schedule_patch
<LI><a href="#[8a]">&gt;&gt;</a>&nbsp;&nbsp;&nbsp;l2cm_l2cap_tx_handler_patch
</UL>

<P><STRONG><a name="[2b4]"></a>ke_event_set</STRONG> (Thumb, 0 bytes, Stack size 0 bytes, rom_symbol.txt(ABSOLUTE))
<BR><BR>[Called By]<UL><LI><a href="#[14]">&gt;&gt;</a>&nbsp;&nbsp;&nbsp;hci_nb_cmp_pkts_evt_handler_patch
<LI><a href="#[8a]">&gt;&gt;</a>&nbsp;&nbsp;&nbsp;l2cm_l2cap_tx_handler_patch
</UL>

<P><STRONG><a name="[3ea]"></a>ke_free</STRONG> (Thumb, 0 bytes, Stack size 0 bytes, rom_symbol.txt(ABSOLUTE))
<BR><BR>[Called By]<UL><LI><a href="#[3e5]">&gt;&gt;</a>&nbsp;&nbsp;&nbsp;lld_scan_process_pkt_rx_patch
</UL>

<P><STRONG><a name="[2c2]"></a>ke_is_free</STRONG> (Thumb, 0 bytes, Stack size 0 bytes, rom_symbol.txt(ABSOLUTE))
<BR><BR>[Called By]<UL><LI><a href="#[cc]">&gt;&gt;</a>&nbsp;&nbsp;&nbsp;ke_task_schedule_patch
</UL>

<P><STRONG><a name="[182]"></a>ke_malloc</STRONG> (Thumb, 0 bytes, Stack size 0 bytes, rom_symbol.txt(ABSOLUTE))
<BR><BR>[Called By]<UL><LI><a href="#[a3]">&gt;&gt;</a>&nbsp;&nbsp;&nbsp;lld_init_start_patch
<LI><a href="#[d4]">&gt;&gt;</a>&nbsp;&nbsp;&nbsp;atts_read_mult_req_patch
</UL>

<P><STRONG><a name="[247]"></a>ke_msg_alloc</STRONG> (Thumb, 0 bytes, Stack size 0 bytes, rom_symbol.txt(ABSOLUTE))
<BR><BR>[Called By]<UL><LI><a href="#[84]">&gt;&gt;</a>&nbsp;&nbsp;&nbsp;gapm_init_connection_ind_func_patch
<LI><a href="#[8f]">&gt;&gt;</a>&nbsp;&nbsp;&nbsp;llc_rem_con_upd_proc_continue_patch
<LI><a href="#[92]">&gt;&gt;</a>&nbsp;&nbsp;&nbsp;hci_le_con_upd_cmd_handler_patch
<LI><a href="#[99]">&gt;&gt;</a>&nbsp;&nbsp;&nbsp;ll_phy_req_handler_patch
<LI><a href="#[97]">&gt;&gt;</a>&nbsp;&nbsp;&nbsp;ll_connection_update_ind_handler_patch
<LI><a href="#[98]">&gt;&gt;</a>&nbsp;&nbsp;&nbsp;ll_connection_param_req_handler_patch
<LI><a href="#[96]">&gt;&gt;</a>&nbsp;&nbsp;&nbsp;ll_channel_map_ind_handler_patch
<LI><a href="#[238]">&gt;&gt;</a>&nbsp;&nbsp;&nbsp;hci_le_ltk_request_evt_handler_patch
<LI><a href="#[c1]">&gt;&gt;</a>&nbsp;&nbsp;&nbsp;smpc_handle_enc_change_evt_func_patch
<LI><a href="#[3e5]">&gt;&gt;</a>&nbsp;&nbsp;&nbsp;lld_scan_process_pkt_rx_patch
</UL>

<P><STRONG><a name="[2a4]"></a>ke_msg_free</STRONG> (Thumb, 0 bytes, Stack size 0 bytes, rom_symbol.txt(ABSOLUTE))
<BR><BR>[Called By]<UL><LI><a href="#[23]">&gt;&gt;</a>&nbsp;&nbsp;&nbsp;hci_le_ext_create_con_cmd_handler_patch
<LI><a href="#[cc]">&gt;&gt;</a>&nbsp;&nbsp;&nbsp;ke_task_schedule_patch
<LI><a href="#[c8]">&gt;&gt;</a>&nbsp;&nbsp;&nbsp;hci_send_2_controller_patch
<LI><a href="#[3e5]">&gt;&gt;</a>&nbsp;&nbsp;&nbsp;lld_scan_process_pkt_rx_patch
</UL>

<P><STRONG><a name="[248]"></a>ke_msg_send</STRONG> (Thumb, 0 bytes, Stack size 0 bytes, rom_symbol.txt(ABSOLUTE))
<BR><BR>[Called By]<UL><LI><a href="#[84]">&gt;&gt;</a>&nbsp;&nbsp;&nbsp;gapm_init_connection_ind_func_patch
<LI><a href="#[8f]">&gt;&gt;</a>&nbsp;&nbsp;&nbsp;llc_rem_con_upd_proc_continue_patch
<LI><a href="#[92]">&gt;&gt;</a>&nbsp;&nbsp;&nbsp;hci_le_con_upd_cmd_handler_patch
<LI><a href="#[c8]">&gt;&gt;</a>&nbsp;&nbsp;&nbsp;hci_send_2_controller_patch
<LI><a href="#[238]">&gt;&gt;</a>&nbsp;&nbsp;&nbsp;hci_le_ltk_request_evt_handler_patch
<LI><a href="#[c1]">&gt;&gt;</a>&nbsp;&nbsp;&nbsp;smpc_handle_enc_change_evt_func_patch
<LI><a href="#[3e5]">&gt;&gt;</a>&nbsp;&nbsp;&nbsp;lld_scan_process_pkt_rx_patch
</UL>

<P><STRONG><a name="[17b]"></a>ke_state_get</STRONG> (Thumb, 0 bytes, Stack size 0 bytes, rom_symbol.txt(ABSOLUTE))
<BR><BR>[Called By]<UL><LI><a href="#[7]">&gt;&gt;</a>&nbsp;&nbsp;&nbsp;l2cc_pdu_recv_ind_handler_patch
<LI><a href="#[179]">&gt;&gt;</a>&nbsp;&nbsp;&nbsp;atts_l2cc_pdu_recv_handler_patch
</UL>

<P><STRONG><a name="[2c3]"></a>ke_task_handler_get</STRONG> (Thumb, 0 bytes, Stack size 0 bytes, rom_symbol.txt(ABSOLUTE))
<BR><BR>[Called By]<UL><LI><a href="#[cc]">&gt;&gt;</a>&nbsp;&nbsp;&nbsp;ke_task_schedule_patch
</UL>

<P><STRONG><a name="[249]"></a>ke_timer_clear</STRONG> (Thumb, 0 bytes, Stack size 0 bytes, rom_symbol.txt(ABSOLUTE))
<BR><BR>[Called By]<UL><LI><a href="#[25]">&gt;&gt;</a>&nbsp;&nbsp;&nbsp;hci_le_set_ext_scan_en_cmd_handler_patch
<LI><a href="#[82]">&gt;&gt;</a>&nbsp;&nbsp;&nbsp;gapm_init_stop_patch
<LI><a href="#[84]">&gt;&gt;</a>&nbsp;&nbsp;&nbsp;gapm_init_connection_ind_func_patch
<LI><a href="#[299]">&gt;&gt;</a>&nbsp;&nbsp;&nbsp;init_hci_le_cmd_cmp_evt_starting_handler_patch
</UL>

<P><STRONG><a name="[251]"></a>ke_timer_set</STRONG> (Thumb, 0 bytes, Stack size 0 bytes, rom_symbol.txt(ABSOLUTE))
<BR><BR>[Called By]<UL><LI><a href="#[81]">&gt;&gt;</a>&nbsp;&nbsp;&nbsp;gapm_init_start_patch
</UL>

<P><STRONG><a name="[2c6]"></a>l2cc_pdu_send</STRONG> (Thumb, 0 bytes, Stack size 0 bytes, rom_symbol.txt(ABSOLUTE))
<BR><BR>[Called By]<UL><LI><a href="#[7]">&gt;&gt;</a>&nbsp;&nbsp;&nbsp;l2cc_pdu_recv_ind_handler_patch
</UL>

<P><STRONG><a name="[184]"></a>l2cc_pdu_alloc</STRONG> (Thumb, 0 bytes, Stack size 0 bytes, rom_symbol.txt(ABSOLUTE))
<BR><BR>[Called By]<UL><LI><a href="#[7]">&gt;&gt;</a>&nbsp;&nbsp;&nbsp;l2cc_pdu_recv_ind_handler_patch
<LI><a href="#[d4]">&gt;&gt;</a>&nbsp;&nbsp;&nbsp;atts_read_mult_req_patch
</UL>

<P><STRONG><a name="[2b2]"></a>l2cm_get_nb_buffer_available</STRONG> (Thumb, 0 bytes, Stack size 0 bytes, rom_symbol.txt(ABSOLUTE))
<BR><BR>[Called By]<UL><LI><a href="#[14]">&gt;&gt;</a>&nbsp;&nbsp;&nbsp;hci_nb_cmp_pkts_evt_handler_patch
</UL>

<P><STRONG><a name="[278]"></a>ll_dma_struct_init</STRONG> (Thumb, 0 bytes, Stack size 0 bytes, rom_symbol.txt(ABSOLUTE))
<BR><BR>[Called By]<UL><LI><a href="#[270]">&gt;&gt;</a>&nbsp;&nbsp;&nbsp;hal_dma_init
</UL>

<P><STRONG><a name="[283]"></a>ll_rng_deinit</STRONG> (Thumb, 0 bytes, Stack size 0 bytes, rom_symbol.txt(ABSOLUTE))
<BR><BR>[Called By]<UL><LI><a href="#[282]">&gt;&gt;</a>&nbsp;&nbsp;&nbsp;hal_rng_deinit_ext
</UL>

<P><STRONG><a name="[285]"></a>ll_rng_init</STRONG> (Thumb, 0 bytes, Stack size 0 bytes, rom_symbol.txt(ABSOLUTE))
<BR><BR>[Called By]<UL><LI><a href="#[284]">&gt;&gt;</a>&nbsp;&nbsp;&nbsp;hal_rng_generate_random_number
</UL>

<P><STRONG><a name="[2dc]"></a>llc_auth_payl_nearly_to_handler</STRONG> (Thumb, 0 bytes, Stack size 0 bytes, rom_symbol.txt(ABSOLUTE))
<BR><BR>[Called By]<UL><LI><a href="#[11]">&gt;&gt;</a>&nbsp;&nbsp;&nbsp;llc_auth_payl_nearly_to_handler_patch
</UL>

<P><STRONG><a name="[2dd]"></a>llc_auth_payl_real_to_handler</STRONG> (Thumb, 0 bytes, Stack size 0 bytes, rom_symbol.txt(ABSOLUTE))
<BR><BR>[Called By]<UL><LI><a href="#[12]">&gt;&gt;</a>&nbsp;&nbsp;&nbsp;llc_auth_payl_real_to_handler_patch
</UL>

<P><STRONG><a name="[8b]"></a>llc_ch_map_up_proc_err_cb</STRONG> (Thumb, 0 bytes, Stack size 0 bytes, rom_symbol.txt(ABSOLUTE), UNUSED)
<BR>[Address Reference Count : 1]<UL><LI> llc_chmap_upd_patch.o(i.ll_channel_map_ind_handler_patch)
</UL>
<P><STRONG><a name="[29e]"></a>llc_cmd_stat_send</STRONG> (Thumb, 0 bytes, Stack size 0 bytes, rom_symbol.txt(ABSOLUTE))
<BR><BR>[Called By]<UL><LI><a href="#[92]">&gt;&gt;</a>&nbsp;&nbsp;&nbsp;hci_le_con_upd_cmd_handler_patch
</UL>

<P><STRONG><a name="[29c]"></a>llc_con_upd_param_in_range</STRONG> (Thumb, 0 bytes, Stack size 0 bytes, rom_symbol.txt(ABSOLUTE))
<BR><BR>[Called By]<UL><LI><a href="#[92]">&gt;&gt;</a>&nbsp;&nbsp;&nbsp;hci_le_con_upd_cmd_handler_patch
<LI><a href="#[97]">&gt;&gt;</a>&nbsp;&nbsp;&nbsp;ll_connection_update_ind_handler_patch
<LI><a href="#[98]">&gt;&gt;</a>&nbsp;&nbsp;&nbsp;ll_connection_param_req_handler_patch
</UL>

<P><STRONG><a name="[2e1]"></a>llc_disconnect</STRONG> (Thumb, 0 bytes, Stack size 0 bytes, rom_symbol.txt(ABSOLUTE))
<BR><BR>[Called By]<UL><LI><a href="#[2df]">&gt;&gt;</a>&nbsp;&nbsp;&nbsp;llc_llcp_rsp_to
<LI><a href="#[90]">&gt;&gt;</a>&nbsp;&nbsp;&nbsp;llc_rem_encrypt_proc_continue_patch
</UL>

<P><STRONG><a name="[2ee]"></a>llc_hci_con_param_req_evt_send</STRONG> (Thumb, 0 bytes, Stack size 0 bytes, rom_symbol.txt(ABSOLUTE))
<BR><BR>[Called By]<UL><LI><a href="#[8f]">&gt;&gt;</a>&nbsp;&nbsp;&nbsp;llc_rem_con_upd_proc_continue_patch
</UL>

<P><STRONG><a name="[2f0]"></a>llc_hci_con_upd_info_send</STRONG> (Thumb, 0 bytes, Stack size 0 bytes, rom_symbol.txt(ABSOLUTE))
<BR><BR>[Called By]<UL><LI><a href="#[8f]">&gt;&gt;</a>&nbsp;&nbsp;&nbsp;llc_rem_con_upd_proc_continue_patch
</UL>

<P><STRONG><a name="[2ff]"></a>llc_hci_enc_evt_send</STRONG> (Thumb, 0 bytes, Stack size 0 bytes, rom_symbol.txt(ABSOLUTE))
<BR><BR>[Called By]<UL><LI><a href="#[212]">&gt;&gt;</a>&nbsp;&nbsp;&nbsp;llc_rem_encrypt_proc_finish
</UL>

<P><STRONG><a name="[2fa]"></a>llc_hci_ltk_request_evt_send</STRONG> (Thumb, 0 bytes, Stack size 0 bytes, rom_symbol.txt(ABSOLUTE))
<BR><BR>[Called By]<UL><LI><a href="#[90]">&gt;&gt;</a>&nbsp;&nbsp;&nbsp;llc_rem_encrypt_proc_continue_patch
</UL>

<P><STRONG><a name="[2f7]"></a>llc_iv_skd_rand_gen</STRONG> (Thumb, 0 bytes, Stack size 0 bytes, rom_symbol.txt(ABSOLUTE))
<BR><BR>[Called By]<UL><LI><a href="#[90]">&gt;&gt;</a>&nbsp;&nbsp;&nbsp;llc_rem_encrypt_proc_continue_patch
</UL>

<P><STRONG><a name="[300]"></a>llc_le_ping_restart</STRONG> (Thumb, 0 bytes, Stack size 0 bytes, rom_symbol.txt(ABSOLUTE))
<BR><BR>[Called By]<UL><LI><a href="#[212]">&gt;&gt;</a>&nbsp;&nbsp;&nbsp;llc_rem_encrypt_proc_finish
</UL>

<P><STRONG><a name="[2ef]"></a>llc_ll_connection_param_rsp_pdu_send</STRONG> (Thumb, 0 bytes, Stack size 0 bytes, rom_symbol.txt(ABSOLUTE))
<BR><BR>[Called By]<UL><LI><a href="#[8f]">&gt;&gt;</a>&nbsp;&nbsp;&nbsp;llc_rem_con_upd_proc_continue_patch
</UL>

<P><STRONG><a name="[94]"></a>llc_ll_enc_rsp_ack_handler</STRONG> (Thumb, 0 bytes, Stack size 0 bytes, rom_symbol.txt(ABSOLUTE), UNUSED)
<BR>[Address Reference Count : 1]<UL><LI> llc_encrypt_patch.o(i.llc_rem_encrypt_proc_continue_patch)
</UL>
<P><STRONG><a name="[2f9]"></a>llc_ll_enc_rsp_pdu_send</STRONG> (Thumb, 0 bytes, Stack size 0 bytes, rom_symbol.txt(ABSOLUTE))
<BR><BR>[Called By]<UL><LI><a href="#[90]">&gt;&gt;</a>&nbsp;&nbsp;&nbsp;llc_rem_encrypt_proc_continue_patch
</UL>

<P><STRONG><a name="[2f6]"></a>llc_ll_pause_enc_rsp_pdu_send</STRONG> (Thumb, 0 bytes, Stack size 0 bytes, rom_symbol.txt(ABSOLUTE))
<BR><BR>[Called By]<UL><LI><a href="#[90]">&gt;&gt;</a>&nbsp;&nbsp;&nbsp;llc_rem_encrypt_proc_continue_patch
</UL>

<P><STRONG><a name="[93]"></a>llc_ll_reject_ind_ack_handler</STRONG> (Thumb, 0 bytes, Stack size 0 bytes, rom_symbol.txt(ABSOLUTE), UNUSED)
<BR>[Address Reference Count : 1]<UL><LI> llc_encrypt_patch.o(i.llc_rem_encrypt_proc_continue_patch)
</UL>
<P><STRONG><a name="[2ed]"></a>llc_ll_reject_ind_pdu_send</STRONG> (Thumb, 0 bytes, Stack size 0 bytes, rom_symbol.txt(ABSOLUTE))
<BR><BR>[Called By]<UL><LI><a href="#[8f]">&gt;&gt;</a>&nbsp;&nbsp;&nbsp;llc_rem_con_upd_proc_continue_patch
<LI><a href="#[90]">&gt;&gt;</a>&nbsp;&nbsp;&nbsp;llc_rem_encrypt_proc_continue_patch
</UL>

<P><STRONG><a name="[2fd]"></a>llc_ll_start_enc_req_pdu_send</STRONG> (Thumb, 0 bytes, Stack size 0 bytes, rom_symbol.txt(ABSOLUTE))
<BR><BR>[Called By]<UL><LI><a href="#[90]">&gt;&gt;</a>&nbsp;&nbsp;&nbsp;llc_rem_encrypt_proc_continue_patch
</UL>

<P><STRONG><a name="[95]"></a>llc_ll_start_enc_rsp_ack_handler</STRONG> (Thumb, 0 bytes, Stack size 0 bytes, rom_symbol.txt(ABSOLUTE), UNUSED)
<BR>[Address Reference Count : 1]<UL><LI> llc_encrypt_patch.o(i.llc_rem_encrypt_proc_continue_patch)
</UL>
[...]
<BR><BR>[Called By]<UL><LI><a href="#[43f]">&gt;&gt;</a>&nbsp;&nbsp;&nbsp;pwr_mgmt_ultra_sleep (via Veneer)
</UL>

<P><STRONG><a name="[43e]"></a>ll_pwr_clear_ext_wakeup_status</STRONG> (Thumb, 26 bytes, Stack size 0 bytes, sdk_pwr_mgmt_patch.o(RAM_CODE))
<BR><BR>[Called By]<UL><LI><a href="#[ad]">&gt;&gt;</a>&nbsp;&nbsp;&nbsp;pwr_mgmt_shutdown_patch (via Veneer)
</UL>

<P><STRONG><a name="[441]"></a>ll_pwr_is_active_flag_psc_cmd_busy</STRONG> (Thumb, 12 bytes, Stack size 0 bytes, sdk_pwr_mgmt_patch.o(RAM_CODE), UNUSED)
<BR><BR>[Called By]<UL><LI><a href="#[43f]">&gt;&gt;</a>&nbsp;&nbsp;&nbsp;pwr_mgmt_ultra_sleep (via Veneer)
</UL>

<P><STRONG><a name="[ad]"></a>pwr_mgmt_shutdown_patch</STRONG> (Thumb, 234 bytes, Stack size 16 bytes, sdk_pwr_mgmt_patch.o(TINY_RAM_SPACE))
<BR><BR>[Stack]<UL><LI>Max Depth = 120<LI>Call Chain = pwr_mgmt_shutdown_patch &rArr; hal_exflash_wakeup_patch &rArr; hal_xqspi_init_ext &rArr; hal_xqspi_init_ext_patch &rArr; ll_xqspi_init_patch
</UL>
<BR>[Calls]<UL><LI><a href="#[43b]">&gt;&gt;</a>&nbsp;&nbsp;&nbsp;pwr_mgmt_set_wakeup_flag (via Veneer)
<LI><a href="#[43d]">&gt;&gt;</a>&nbsp;&nbsp;&nbsp;hal_pwr_enter_chip_deepsleep (via Veneer)
<LI><a href="#[3ba]">&gt;&gt;</a>&nbsp;&nbsp;&nbsp;work_digldo_dcdc_set (via Veneer)
<LI><a href="#[372]">&gt;&gt;</a>&nbsp;&nbsp;&nbsp;work_xo_bias_set (via Veneer)
<LI><a href="#[437]">&gt;&gt;</a>&nbsp;&nbsp;&nbsp;pwr_mgmt_check_ext_timer
<LI><a href="#[43e]">&gt;&gt;</a>&nbsp;&nbsp;&nbsp;ll_pwr_clear_ext_wakeup_status (via Veneer)
<LI><a href="#[407]">&gt;&gt;</a>&nbsp;&nbsp;&nbsp;ble_core_power_on (via Veneer)
<LI><a href="#[43c]">&gt;&gt;</a>&nbsp;&nbsp;&nbsp;ble_core_power_off (via Veneer)
<LI><a href="#[3fd]">&gt;&gt;</a>&nbsp;&nbsp;&nbsp;hal_exflash_wakeup_patch (via Veneer)
<LI><a href="#[3fc]">&gt;&gt;</a>&nbsp;&nbsp;&nbsp;hal_exflash_deepsleep_patch (via Veneer)
</UL>
<BR>[Address Reference Count : 1]<UL><LI> sdk_pwr_mgmt_patch.o(i.pwr_mgmt_shutdown_replace)
</UL>
<P><STRONG><a name="[172]"></a>append_item</STRONG> (Thumb, 132 bytes, Stack size 24 bytes, sdk_nvds_patch.o(i.append_item))
<BR><BR>[Stack]<UL><LI>Max Depth = 1112<LI>Call Chain = append_item &rArr; compact_nvds &rArr; write_compacted_items &rArr; write_incr &rArr; dec_flash_write &rArr; hal_flash_write_r &rArr; hal_exflash_write &rArr; hal_xqspi_init_ext &rArr; hal_xqspi_init_ext_patch &rArr; ll_xqspi_init_patch
</UL>
<BR>[Calls]<UL><LI><a href="#[15e]">&gt;&gt;</a>&nbsp;&nbsp;&nbsp;dbg_log_printf (via Veneer)
<LI><a href="#[173]">&gt;&gt;</a>&nbsp;&nbsp;&nbsp;get_align_bytes
<LI><a href="#[175]">&gt;&gt;</a>&nbsp;&nbsp;&nbsp;write_item
<LI><a href="#[174]">&gt;&gt;</a>&nbsp;&nbsp;&nbsp;compact_nvds
</UL>
<BR>[Called By]<UL><LI><a href="#[18f]">&gt;&gt;</a>&nbsp;&nbsp;&nbsp;nvds_put
<LI><a href="#[32a]">&gt;&gt;</a>&nbsp;&nbsp;&nbsp;replace_item
</UL>

<P><STRONG><a name="[174]"></a>compact_nvds</STRONG> (Thumb, 500 bytes, Stack size 64 bytes, sdk_nvds_patch.o(i.compact_nvds))
<BR><BR>[Stack]<UL><LI>Max Depth = 1088<LI>Call Chain = compact_nvds &rArr; write_compacted_items &rArr; write_incr &rArr; dec_flash_write &rArr; hal_flash_write_r &rArr; hal_exflash_write &rArr; hal_xqspi_init_ext &rArr; hal_xqspi_init_ext_patch &rArr; ll_xqspi_init_patch
</UL>
<BR>[Calls]<UL><LI><a href="#[1f3]">&gt;&gt;</a>&nbsp;&nbsp;&nbsp;hal_flash_erase
<LI><a href="#[15e]">&gt;&gt;</a>&nbsp;&nbsp;&nbsp;dbg_log_printf (via Veneer)
<LI><a href="#[173]">&gt;&gt;</a>&nbsp;&nbsp;&nbsp;get_align_bytes
<LI><a href="#[1f2]">&gt;&gt;</a>&nbsp;&nbsp;&nbsp;write_compacted_items
<LI><a href="#[1ee]">&gt;&gt;</a>&nbsp;&nbsp;&nbsp;tags_cache_clean
<LI><a href="#[1f1]">&gt;&gt;</a>&nbsp;&nbsp;&nbsp;read_incr
<LI><a href="#[1ef]">&gt;&gt;</a>&nbsp;&nbsp;&nbsp;dec_flash_read
<LI><a href="#[1f0]">&gt;&gt;</a>&nbsp;&nbsp;&nbsp;cp_hdr_incr
</UL>
<BR>[Called By]<UL><LI><a href="#[172]">&gt;&gt;</a>&nbsp;&nbsp;&nbsp;append_item
</UL>

<P><STRONG><a name="[1f0]"></a>cp_hdr_incr</STRONG> (Thumb, 30 bytes, Stack size 16 bytes, sdk_nvds_patch.o(i.cp_hdr_incr))
<BR><BR>[Stack]<UL><LI>Max Depth = 16<LI>Call Chain = cp_hdr_incr
</UL>
<BR>[Calls]<UL><LI><a href="#[15f]">&gt;&gt;</a>&nbsp;&nbsp;&nbsp;__aeabi_memcpy
</UL>
<BR>[Called By]<UL><LI><a href="#[174]">&gt;&gt;</a>&nbsp;&nbsp;&nbsp;compact_nvds
</UL>

<P><STRONG><a name="[1ef]"></a>dec_flash_read</STRONG> (Thumb, 48 bytes, Stack size 24 bytes, sdk_nvds_patch.o(i.dec_flash_read))
<BR><BR>[Stack]<UL><LI>Max Depth = 264<LI>Call Chain = dec_flash_read &rArr; hal_flash_read &rArr; hal_exflash_read &rArr; hal_exflash_read_patch &rArr; exflash_read &rArr; hal_xqspi_command_receive_patch &rArr; xqspi_receive_patch
</UL>
<BR>[Calls]<UL><LI><a href="#[1fe]">&gt;&gt;</a>&nbsp;&nbsp;&nbsp;hal_flash_set_security
<LI><a href="#[1ff]">&gt;&gt;</a>&nbsp;&nbsp;&nbsp;hal_flash_read
</UL>
<BR>[Called By]<UL><LI><a href="#[18f]">&gt;&gt;</a>&nbsp;&nbsp;&nbsp;nvds_put
<LI><a href="#[32a]">&gt;&gt;</a>&nbsp;&nbsp;&nbsp;replace_item
<LI><a href="#[1f1]">&gt;&gt;</a>&nbsp;&nbsp;&nbsp;read_incr
<LI><a href="#[174]">&gt;&gt;</a>&nbsp;&nbsp;&nbsp;compact_nvds
</UL>

<P><STRONG><a name="[200]"></a>dec_flash_write</STRONG> (Thumb, 48 bytes, Stack size 24 bytes, sdk_nvds_patch.o(i.dec_flash_write))
<BR><BR>[Stack]<UL><LI>Max Depth = 960<LI>Call Chain = dec_flash_write &rArr; hal_flash_write_r &rArr; hal_exflash_write &rArr; hal_xqspi_init_ext &rArr; hal_xqspi_init_ext_patch &rArr; ll_xqspi_init_patch
</UL>
<BR>[Calls]<UL><LI><a href="#[1fe]">&gt;&gt;</a>&nbsp;&nbsp;&nbsp;hal_flash_set_security
<LI><a href="#[201]">&gt;&gt;</a>&nbsp;&nbsp;&nbsp;hal_flash_write_r
</UL>
<BR>[Called By]<UL><LI><a href="#[175]">&gt;&gt;</a>&nbsp;&nbsp;&nbsp;write_item
<LI><a href="#[392]">&gt;&gt;</a>&nbsp;&nbsp;&nbsp;write_incr
<LI><a href="#[32a]">&gt;&gt;</a>&nbsp;&nbsp;&nbsp;replace_item
</UL>

<P><STRONG><a name="[20e]"></a>find_item</STRONG> (Thumb, 140 bytes, Stack size 48 bytes, sdk_nvds_patch.o(i.find_item))
<BR><BR>[Stack]<UL><LI>Max Depth = 288<LI>Call Chain = find_item &rArr; hal_flash_read &rArr; hal_exflash_read &rArr; hal_exflash_read_patch &rArr; exflash_read &rArr; hal_xqspi_command_receive_patch &rArr; xqspi_receive_patch
</UL>
<BR>[Calls]<UL><LI><a href="#[1fe]">&gt;&gt;</a>&nbsp;&nbsp;&nbsp;hal_flash_set_security
<LI><a href="#[173]">&gt;&gt;</a>&nbsp;&nbsp;&nbsp;get_align_bytes
<LI><a href="#[1ff]">&gt;&gt;</a>&nbsp;&nbsp;&nbsp;hal_flash_read
<LI><a href="#[20f]">&gt;&gt;</a>&nbsp;&nbsp;&nbsp;tags_cache_rec_find
</UL>
<BR>[Called By]<UL><LI><a href="#[18f]">&gt;&gt;</a>&nbsp;&nbsp;&nbsp;nvds_put
</UL>

<P><STRONG><a name="[394]"></a>gen_hdr_checksum</STRONG> (Thumb, 14 bytes, Stack size 0 bytes, sdk_nvds_patch.o(i.gen_hdr_checksum))
<BR><BR>[Called By]<UL><LI><a href="#[175]">&gt;&gt;</a>&nbsp;&nbsp;&nbsp;write_item
</UL>

<P><STRONG><a name="[395]"></a>gen_value_checksum</STRONG> (Thumb, 30 bytes, Stack size 12 bytes, sdk_nvds_patch.o(i.gen_value_checksum))
<BR><BR>[Stack]<UL><LI>Max Depth = 12<LI>Call Chain = gen_value_checksum
</UL>
<BR>[Called By]<UL><LI><a href="#[175]">&gt;&gt;</a>&nbsp;&nbsp;&nbsp;write_item
</UL>

<P><STRONG><a name="[2c0]"></a>is_item_same</STRONG> (Thumb, 42 bytes, Stack size 16 bytes, sdk_nvds_patch.o(i.is_item_same))
<BR><BR>[Stack]<UL><LI>Max Depth = 256<LI>Call Chain = is_item_same &rArr; hal_flash_read &rArr; hal_exflash_read &rArr; hal_exflash_read_patch &rArr; exflash_read &rArr; hal_xqspi_command_receive_patch &rArr; xqspi_receive_patch
</UL>
<BR>[Calls]<UL><LI><a href="#[1ff]">&gt;&gt;</a>&nbsp;&nbsp;&nbsp;hal_flash_read
<LI><a href="#[15d]">&gt;&gt;</a>&nbsp;&nbsp;&nbsp;memcmp
</UL>
<BR>[Called By]<UL><LI><a href="#[18f]">&gt;&gt;</a>&nbsp;&nbsp;&nbsp;nvds_put
</UL>

<P><STRONG><a name="[1f1]"></a>read_incr</STRONG> (Thumb, 44 bytes, Stack size 16 bytes, sdk_nvds_patch.o(i.read_incr))
<BR><BR>[Stack]<UL><LI>Max Depth = 280<LI>Call Chain = read_incr &rArr; dec_flash_read &rArr; hal_flash_read &rArr; hal_exflash_read &rArr; hal_exflash_read_patch &rArr; exflash_read &rArr; hal_xqspi_command_receive_patch &rArr; xqspi_receive_patch
</UL>
<BR>[Calls]<UL><LI><a href="#[1ff]">&gt;&gt;</a>&nbsp;&nbsp;&nbsp;hal_flash_read
<LI><a href="#[1ef]">&gt;&gt;</a>&nbsp;&nbsp;&nbsp;dec_flash_read
</UL>
<BR>[Called By]<UL><LI><a href="#[174]">&gt;&gt;</a>&nbsp;&nbsp;&nbsp;compact_nvds
</UL>

<P><STRONG><a name="[32a]"></a>replace_item</STRONG> (Thumb, 158 bytes, Stack size 56 bytes, sdk_nvds_patch.o(i.replace_item))
<BR><BR>[Stack]<UL><LI>Max Depth = 1168<LI>Call Chain = replace_item &rArr; append_item &rArr; compact_nvds &rArr; write_compacted_items &rArr; write_incr &rArr; dec_flash_write &rArr; hal_flash_write_r &rArr; hal_exflash_write &rArr; hal_xqspi_init_ext &rArr; hal_xqspi_init_ext_patch &rArr; ll_xqspi_init_patch
</UL>
<BR>[Calls]<UL><LI><a href="#[15e]">&gt;&gt;</a>&nbsp;&nbsp;&nbsp;dbg_log_printf (via Veneer)
<LI><a href="#[173]">&gt;&gt;</a>&nbsp;&nbsp;&nbsp;get_align_bytes
<LI><a href="#[35c]">&gt;&gt;</a>&nbsp;&nbsp;&nbsp;tags_cache_rec_del
<LI><a href="#[200]">&gt;&gt;</a>&nbsp;&nbsp;&nbsp;dec_flash_write
<LI><a href="#[1ef]">&gt;&gt;</a>&nbsp;&nbsp;&nbsp;dec_flash_read
<LI><a href="#[172]">&gt;&gt;</a>&nbsp;&nbsp;&nbsp;append_item
</UL>
<BR>[Called By]<UL><LI><a href="#[18f]">&gt;&gt;</a>&nbsp;&nbsp;&nbsp;nvds_put
</UL>

<P><STRONG><a name="[1ee]"></a>tags_cache_clean</STRONG> (Thumb, 24 bytes, Stack size 8 bytes, sdk_nvds_patch.o(i.tags_cache_clean))
<BR><BR>[Stack]<UL><LI>Max Depth = 8<LI>Call Chain = tags_cache_clean
</UL>
<BR>[Calls]<UL><LI><a href="#[165]">&gt;&gt;</a>&nbsp;&nbsp;&nbsp;__aeabi_memclr4
</UL>
<BR>[Called By]<UL><LI><a href="#[174]">&gt;&gt;</a>&nbsp;&nbsp;&nbsp;compact_nvds
</UL>

<P><STRONG><a name="[393]"></a>tags_cache_rec_add</STRONG> (Thumb, 48 bytes, Stack size 8 bytes, sdk_nvds_patch.o(i.tags_cache_rec_add))
<BR><BR>[Stack]<UL><LI>Max Depth = 8<LI>Call Chain = tags_cache_rec_add
</UL>
<BR>[Called By]<UL><LI><a href="#[175]">&gt;&gt;</a>&nbsp;&nbsp;&nbsp;write_item
<LI><a href="#[1f2]">&gt;&gt;</a>&nbsp;&nbsp;&nbsp;write_compacted_items
</UL>

<P><STRONG><a name="[35c]"></a>tags_cache_rec_del</STRONG> (Thumb, 302 bytes, Stack size 328 bytes, sdk_nvds_patch.o(i.tags_cache_rec_del))
<BR><BR>[Stack]<UL><LI>Max Depth = 568<LI>Call Chain = tags_cache_rec_del &rArr; hal_flash_read &rArr; hal_exflash_read &rArr; hal_exflash_read_patch &rArr; exflash_read &rArr; hal_xqspi_command_receive_patch &rArr; xqspi_receive_patch
</UL>
<BR>[Calls]<UL><LI><a href="#[1fe]">&gt;&gt;</a>&nbsp;&nbsp;&nbsp;hal_flash_set_security
<LI><a href="#[173]">&gt;&gt;</a>&nbsp;&nbsp;&nbsp;get_align_bytes
<LI><a href="#[1ff]">&gt;&gt;</a>&nbsp;&nbsp;&nbsp;hal_flash_read
<LI><a href="#[15f]">&gt;&gt;</a>&nbsp;&nbsp;&nbsp;__aeabi_memcpy
</UL>
<BR>[Called By]<UL><LI><a href="#[32a]">&gt;&gt;</a>&nbsp;&nbsp;&nbsp;replace_item
</UL>

<P><STRONG><a name="[20f]"></a>tags_cache_rec_find</STRONG> (Thumb, 126 bytes, Stack size 24 bytes, sdk_nvds_patch.o(i.tags_cache_rec_find))
<BR><BR>[Stack]<UL><LI>Max Depth = 24<LI>Call Chain = tags_cache_rec_find
</UL>
<BR>[Calls]<UL><LI><a href="#[173]">&gt;&gt;</a>&nbsp;&nbsp;&nbsp;get_align_bytes
</UL>
<BR>[Called By]<UL><LI><a href="#[20e]">&gt;&gt;</a>&nbsp;&nbsp;&nbsp;find_item
</UL>

<P><STRONG><a name="[329]"></a>verify_hdr_checksum</STRONG> (Thumb, 22 bytes, Stack size 0 bytes, sdk_nvds_patch.o(i.verify_hdr_checksum))
<BR><BR>[Called By]<UL><LI><a href="#[18f]">&gt;&gt;</a>&nbsp;&nbsp;&nbsp;nvds_put
</UL>

<P><STRONG><a name="[1f2]"></a>write_compacted_items</STRONG> (Thumb, 336 bytes, Stack size 48 bytes, sdk_nvds_patch.o(i.write_compacted_items))
<BR><BR>[Stack]<UL><LI>Max Depth = 1024<LI>Call Chain = write_compacted_items &rArr; write_incr &rArr; dec_flash_write &rArr; hal_flash_write_r &rArr; hal_exflash_write &rArr; hal_xqspi_init_ext &rArr; hal_xqspi_init_ext_patch &rArr; ll_xqspi_init_patch
</UL>
<BR>[Calls]<UL><LI><a href="#[1f3]">&gt;&gt;</a>&nbsp;&nbsp;&nbsp;hal_flash_erase
<LI><a href="#[15e]">&gt;&gt;</a>&nbsp;&nbsp;&nbsp;dbg_log_printf (via Veneer)
<LI><a href="#[173]">&gt;&gt;</a>&nbsp;&nbsp;&nbsp;get_align_bytes
<LI><a href="#[392]">&gt;&gt;</a>&nbsp;&nbsp;&nbsp;write_incr
<LI><a href="#[393]">&gt;&gt;</a>&nbsp;&nbsp;&nbsp;tags_cache_rec_add
</UL>
<BR>[Called By]<UL><LI><a href="#[174]">&gt;&gt;</a>&nbsp;&nbsp;&nbsp;compact_nvds
</UL>

<P><STRONG><a name="[392]"></a>write_incr</STRONG> (Thumb, 62 bytes, Stack size 16 bytes, sdk_nvds_patch.o(i.write_incr))
<BR><BR>[Stack]<UL><LI>Max Depth = 976<LI>Call Chain = write_incr &rArr; dec_flash_write &rArr; hal_flash_write_r &rArr; hal_exflash_write &rArr; hal_xqspi_init_ext &rArr; hal_xqspi_init_ext_patch &rArr; ll_xqspi_init_patch
</UL>
<BR>[Calls]<UL><LI><a href="#[201]">&gt;&gt;</a>&nbsp;&nbsp;&nbsp;hal_flash_write_r
<LI><a href="#[200]">&gt;&gt;</a>&nbsp;&nbsp;&nbsp;dec_flash_write
</UL>
<BR>[Called By]<UL><LI><a href="#[1f2]">&gt;&gt;</a>&nbsp;&nbsp;&nbsp;write_compacted_items
</UL>

<P><STRONG><a name="[175]"></a>write_item</STRONG> (Thumb, 304 bytes, Stack size 72 bytes, sdk_nvds_patch.o(i.write_item))
<BR><BR>[Stack]<UL><LI>Max Depth = 1032<LI>Call Chain = write_item &rArr; dec_flash_write &rArr; hal_flash_write_r &rArr; hal_exflash_write &rArr; hal_xqspi_init_ext &rArr; hal_xqspi_init_ext_patch &rArr; ll_xqspi_init_patch
</UL>
<BR>[Calls]<UL><LI><a href="#[15e]">&gt;&gt;</a>&nbsp;&nbsp;&nbsp;dbg_log_printf (via Veneer)
<LI><a href="#[173]">&gt;&gt;</a>&nbsp;&nbsp;&nbsp;get_align_bytes
<LI><a href="#[201]">&gt;&gt;</a>&nbsp;&nbsp;&nbsp;hal_flash_write_r
<LI><a href="#[393]">&gt;&gt;</a>&nbsp;&nbsp;&nbsp;tags_cache_rec_add
<LI><a href="#[395]">&gt;&gt;</a>&nbsp;&nbsp;&nbsp;gen_value_checksum
<LI><a href="#[394]">&gt;&gt;</a>&nbsp;&nbsp;&nbsp;gen_hdr_checksum
<LI><a href="#[200]">&gt;&gt;</a>&nbsp;&nbsp;&nbsp;dec_flash_write
</UL>
<BR>[Called By]<UL><LI><a href="#[172]">&gt;&gt;</a>&nbsp;&nbsp;&nbsp;append_item
</UL>

<P><STRONG><a name="[255]"></a>gatt_remove_item_patch</STRONG> (Thumb, 52 bytes, Stack size 16 bytes, ble_sdk_gatts_patch.o(i.gatt_remove_item_patch))
<BR><BR>[Stack]<UL><LI>Max Depth = 16<LI>Call Chain = gatt_remove_item_patch
</UL>
<BR>[Calls]<UL><LI><a href="#[15e]">&gt;&gt;</a>&nbsp;&nbsp;&nbsp;dbg_log_printf (via Veneer)
<LI><a href="#[e6]">&gt;&gt;</a>&nbsp;&nbsp;&nbsp;__aeabi_memclr
</UL>
<BR>[Called By]<UL><LI><a href="#[21f]">&gt;&gt;</a>&nbsp;&nbsp;&nbsp;gatt_on_connection_func_patch
<LI><a href="#[85]">&gt;&gt;</a>&nbsp;&nbsp;&nbsp;gatt_on_disconnection_func_patch
</UL>

<P><STRONG><a name="[216]"></a>get_ori_cmd</STRONG> (Thumb, 4 bytes, Stack size 0 bytes, platform_patch.o(i.get_ori_cmd))
<BR><BR>[Called By]<UL><LI><a href="#[213]">&gt;&gt;</a>&nbsp;&nbsp;&nbsp;fun_replace_by_svc
</UL>

<P><STRONG><a name="[217]"></a>get_svc_cmd</STRONG> (Thumb, 6 bytes, Stack size 0 bytes, platform_patch.o(i.get_svc_cmd))
<BR><BR>[Called By]<UL><LI><a href="#[213]">&gt;&gt;</a>&nbsp;&nbsp;&nbsp;fun_replace_by_svc
</UL>

<P><STRONG><a name="[157]"></a>ll_adc_disable_clock</STRONG> (Thumb, 26 bytes, Stack size 0 bytes, platform_adc.o(i.ll_adc_disable_clock))
<BR><BR>[Called By]<UL><LI><a href="#[156]">&gt;&gt;</a>&nbsp;&nbsp;&nbsp;adc_conversion
</UL>

<P><STRONG><a name="[30a]"></a>lld_try_to_free_old_buffer</STRONG> (Thumb, 56 bytes, Stack size 0 bytes, lld_adv_patch.o(i.lld_try_to_free_old_buffer))
<BR><BR>[Calls]<UL><LI><a href="#[322]">&gt;&gt;</a>&nbsp;&nbsp;&nbsp;ble_util_buf_adv_tx_free (via Veneer)
</UL>
<BR>[Called By]<UL><LI><a href="#[303]">&gt;&gt;</a>&nbsp;&nbsp;&nbsp;lld_adv_frm_isr_patch
</UL>

<P><STRONG><a name="[434]"></a>ll_pwr_clear_ext_wakeup_status</STRONG> (Thumb, 26 bytes, Stack size 0 bytes, gr55xx_hal_pwr_patch.o(RAM_CODE), UNUSED)
<BR><BR>[Called By]<UL><LI><a href="#[435]">&gt;&gt;</a>&nbsp;&nbsp;&nbsp;hal_pwr_config_ext_wakeup
<LI><a href="#[433]">&gt;&gt;</a>&nbsp;&nbsp;&nbsp;hal_pwr_disable_ext_wakeup
</UL>

<P><STRONG><a name="[7f]"></a>get_info</STRONG> (Thumb, 70 bytes, Stack size 16 bytes, dfu_cmd_handler_patch.o(i.get_info))
<BR><BR>[Stack]<UL><LI>Max Depth = 16<LI>Call Chain = get_info
</UL>
<BR>[Calls]<UL><LI><a href="#[25e]">&gt;&gt;</a>&nbsp;&nbsp;&nbsp;dfu_send_frame
</UL>
<BR>[Address Reference Count : 1]<UL><LI> dfu_cmd_handler_patch.o(i.dfu_cmd_handler_replace)
</UL>
<P><STRONG><a name="[bf]"></a>gattc_write_req_ind_handler_patch</STRONG> (Thumb, 180 bytes, Stack size 40 bytes, ble_sdk_prf_patch.o(i.gattc_write_req_ind_handler_patch))
<BR><BR>[Stack]<UL><LI>Max Depth = 64<LI>Call Chain = gattc_write_req_ind_handler_patch &rArr; sec_check_conn_bond_patch
</UL>
<BR>[Calls]<UL><LI><a href="#[259]">&gt;&gt;</a>&nbsp;&nbsp;&nbsp;prf_get_prf_cb_by_task_id
<LI><a href="#[25c]">&gt;&gt;</a>&nbsp;&nbsp;&nbsp;ble_prf_get_id_from_task
<LI><a href="#[25b]">&gt;&gt;</a>&nbsp;&nbsp;&nbsp;ble_attmdb_uuid16_comp
<LI><a href="#[25a]">&gt;&gt;</a>&nbsp;&nbsp;&nbsp;ble_attmdb_get_attribute
<LI><a href="#[1c4]">&gt;&gt;</a>&nbsp;&nbsp;&nbsp;sec_get_bond_dev_addr
<LI><a href="#[1c7]">&gt;&gt;</a>&nbsp;&nbsp;&nbsp;gatt_add_bond_cccd
<LI><a href="#[1c9]">&gt;&gt;</a>&nbsp;&nbsp;&nbsp;ble_bm_set_gatt_info
<LI><a href="#[15e]">&gt;&gt;</a>&nbsp;&nbsp;&nbsp;dbg_log_printf (via Veneer)
<LI><a href="#[1c3]">&gt;&gt;</a>&nbsp;&nbsp;&nbsp;fpb_save_state
<LI><a href="#[1c2]">&gt;&gt;</a>&nbsp;&nbsp;&nbsp;fpb_load_state
<LI><a href="#[1c5]">&gt;&gt;</a>&nbsp;&nbsp;&nbsp;gatt_find_item_patch
<LI><a href="#[1c8]">&gt;&gt;</a>&nbsp;&nbsp;&nbsp;sec_check_conn_bond_patch
</UL>
<BR>[Address Reference Count : 1]<UL><LI> ble_sdk_prf_patch.o(i.sdk_prf_msg_handler_tab_replace)
</UL>
<P><STRONG><a name="[152]"></a>_fp_digits</STRONG> (Thumb, 366 bytes, Stack size 64 bytes, printfa.o(i._fp_digits), UNUSED)
<BR><BR>[Calls]<UL><LI><a href="#[f4]">&gt;&gt;</a>&nbsp;&nbsp;&nbsp;__aeabi_dadd
<LI><a href="#[fb]">&gt;&gt;</a>&nbsp;&nbsp;&nbsp;__aeabi_ddiv
<LI><a href="#[11f]">&gt;&gt;</a>&nbsp;&nbsp;&nbsp;__aeabi_cdrcmple
<LI><a href="#[fa]">&gt;&gt;</a>&nbsp;&nbsp;&nbsp;__aeabi_dmul
<LI><a href="#[101]">&gt;&gt;</a>&nbsp;&nbsp;&nbsp;__aeabi_d2ulz
<LI><a href="#[e3]">&gt;&gt;</a>&nbsp;&nbsp;&nbsp;__aeabi_uldivmod
</UL>
<BR>[Called By]<UL><LI><a href="#[14e]">&gt;&gt;</a>&nbsp;&nbsp;&nbsp;_printf_core
</UL>

<P><STRONG><a name="[14e]"></a>_printf_core</STRONG> (Thumb, 1744 bytes, Stack size 136 bytes, printfa.o(i._printf_core), UNUSED)
<BR><BR>[Calls]<UL><LI><a href="#[153]">&gt;&gt;</a>&nbsp;&nbsp;&nbsp;_printf_pre_padding
<LI><a href="#[154]">&gt;&gt;</a>&nbsp;&nbsp;&nbsp;_printf_post_padding
<LI><a href="#[152]">&gt;&gt;</a>&nbsp;&nbsp;&nbsp;_fp_digits
<LI><a href="#[e3]">&gt;&gt;</a>&nbsp;&nbsp;&nbsp;__aeabi_uldivmod
<LI><a href="#[155]">&gt;&gt;</a>&nbsp;&nbsp;&nbsp;__aeabi_uidivmod
</UL>
<BR>[Called By]<UL><LI><a href="#[151]">&gt;&gt;</a>&nbsp;&nbsp;&nbsp;__0vsnprintf
<LI><a href="#[150]">&gt;&gt;</a>&nbsp;&nbsp;&nbsp;__0sprintf
<LI><a href="#[14f]">&gt;&gt;</a>&nbsp;&nbsp;&nbsp;__0snprintf
<LI><a href="#[14d]">&gt;&gt;</a>&nbsp;&nbsp;&nbsp;__0printf
</UL>

<P><STRONG><a name="[154]"></a>_printf_post_padding</STRONG> (Thumb, 36 bytes, Stack size 24 bytes, printfa.o(i._printf_post_padding), UNUSED)
<BR><BR>[Called By]<UL><LI><a href="#[14e]">&gt;&gt;</a>&nbsp;&nbsp;&nbsp;_printf_core
</UL>

<P><STRONG><a name="[153]"></a>_printf_pre_padding</STRONG> (Thumb, 46 bytes, Stack size 24 bytes, printfa.o(i._printf_pre_padding), UNUSED)
<BR><BR>[Called By]<UL><LI><a href="#[14e]">&gt;&gt;</a>&nbsp;&nbsp;&nbsp;_printf_core
</UL>

<P><STRONG><a name="[6e]"></a>_snputc</STRONG> (Thumb, 22 bytes, Stack size 0 bytes, printfa.o(i._snputc))
<BR>[Address Reference Count : 2]<UL><LI> printfa.o(i.__0snprintf)
<LI> printfa.o(i.__0vsnprintf)
</UL>
<P><STRONG><a name="[6f]"></a>_sputc</STRONG> (Thumb, 10 bytes, Stack size 0 bytes, printfa.o(i._sputc))
<BR><BR>[Called By]<UL><LI><a href="#[150]">&gt;&gt;</a>&nbsp;&nbsp;&nbsp;__0sprintf
</UL>
<BR>[Address Reference Count : 1]<UL><LI> printfa.o(i.__0sprintf)
</UL><P>
<H3>
Undefined Global Symbols
</H3><HR></body></html>
