<html>
<body>
<pre>
<h1>礦ision Build Log</h1>
<h2>Tool Versions:</h2>
IDE-Version: μVision V5.30.0.0
Copyright (C) 2020 ARM Ltd and ARM Germany GmbH. All rights reserved.
License Information: SImon L, Spingfield Flower Kindergaten, LIC=D0D7S-LVUMF-FWF2N-Y7V13-X6RJK-DIQB3
 
Tool Versions:
Toolchain:       MDK-ARM Plus  Version: 5.30.0.0
Toolchain Path:  C:\Keil_v5\ARM\ARMCC\Bin
C Compiler:      Armcc.exe V5.06 update 6 (build 750)
Assembler:       Armasm.exe V5.06 update 6 (build 750)
Linker/Locator:  ArmLink.exe V5.06 update 6 (build 750)
Library Manager: ArmAr.exe V5.06 update 6 (build 750)
Hex Converter:   FromElf.exe V5.06 update 6 (build 750)
CPU DLL:         SARMCM3.DLL V5.30.0.0
Dialog DLL:      DCM.DLL V1.17.3.0
Target DLL:      Segger\JL2CM3.dll V2.99.38.0
Dialog DLL:      TCM.DLL V1.42.0.0
 
<h2>Project:</h2>
C:\Users\Simon\Desktop\竞赛\单片机程序\当前程序\BaseProject\Keil_5\BaseProject.uvprojx
Project File Date:  02/18/2023

<h2>Output:</h2>
*** Using Compiler 'V5.06 update 6 (build 750)', folder: 'C:\Keil_v5\ARM\ARMCC\Bin'
Build target 'GR5515_SK'
compiling JumperData.c...
compiling main.c...
..\APP\Main\main.c(63): warning:  #177-D: variable "s_arrWaveData"  was declared but never referenced
  static u16 s_arrWaveData[25] = {0};
..\APP\Main\main.c(64): warning:  #177-D: variable "s_iDataNum"  was declared but never referenced
  static int s_iDataNum = 0;
..\APP\Main\main.c: 2 warnings, 0 errors
linking...
Program Size: Code=74080 RO-data=5124 RW-data=1924 ZI-data=48404  
FromELF: creating hex file...
After Build - User command #1: fromelf.exe --text -c --output Listings\BaseProject.s   Objects\BaseProject.axf
After Build - User command #2: fromelf.exe --bin --output Listings\BaseProject.bin Objects\BaseProject.axf
".\Objects\BaseProject.axf" - 0 Error(s), 2 Warning(s).

<h2>Software Packages used:</h2>

Package Vendor: ARM
                http://www.keil.com/pack/ARM.CMSIS.5.7.0.pack
                ARM.CMSIS.5.7.0
                CMSIS (Cortex Microcontroller Software Interface Standard)

<h2>Collection of Component include folders:</h2>
  .\RTE\_GR5515_SK
  C:\Users\Simon\AppData\Local\Arm\Packs\ARM\CMSIS\5.7.0\Device\ARM\ARMCM4\Include

<h2>Collection of Component Files used:</h2>
Build Time Elapsed:  00:00:01
</pre>
</body>
</html>
